Microchip MPLAB XC8 Compiler V2.41

Linker command line:

-W-3 \
  --edf=C:\Program Files\Microchip\xc8\v2.41\pic\dat\20230208172133_en.msgs \
  -cn -h+dist/default/production\Self_counter_ssd_eeprom.X.production.sym \
  --cmf=dist/default/production\Self_counter_ssd_eeprom.X.production.cmf -z \
  -Q16F877A -oC:\Users\ACER\AppData\Local\Temp\xcAscm0.\driver_tmp_3.o \
  --defsym=__MPLAB_BUILD=1 --fixupoverflow=error \
  -Mdist/default/production/Self_counter_ssd_eeprom.X.production.map \
  --md=C:\Users\ACER\AppData\Local\Temp\xcAscm0.\driver_tmp_0.dat -E1 \
  -ver=XC8 Compiler --acfsm=1493 -ACODE=00h-07FFhx4 -ASTRCODE=00h-01FFFh \
  -ASTRING=00h-0FFhx32 -ACONST=00h-0FFhx32 -AENTRY=00h-0FFhx32 \
  -ACOMMON=070h-07Fh -ABANK0=020h-06Fh -ABANK1=0A0h-0EFh \
  -ABANK2=0110h-016Fh -ABANK3=0190h-01EFh \
  -ARAM=020h-06Fh,0A0h-0EFh,0110h-016Fh,0190h-01EFh \
  -AABS1=020h-07Fh,0A0h-0EFh,0110h-016Fh,0190h-01EFh -ASFR0=00h-01Fh \
  -ASFR1=080h-09Fh -ASFR2=0100h-010Fh -ASFR3=0180h-018Fh \
  -ACONFIG=02007h-02007h -DCONFIG=2 -AIDLOC=02000h-02003h -DIDLOC=2 \
  -AEEDATA=00h-0FFh/02100h -peeprom_data=EEDATA -DEEDATA=2 -DCODE=2 \
  -DSTRCODE=2 -DSTRING=2 -DCONST=2 -DENTRY=2 \
  -preset_vec=00h,intentry,init,end_init -ppowerup=CODE -pcinit=CODE \
  -pfunctab=ENTRY -k \
  C:\Users\ACER\AppData\Local\Temp\xcAscm0.\driver_tmp_18.o \
  dist/default/production\Self_counter_ssd_eeprom.X.production.o 

Object code version is 3.11

Machine type is 16F877A



                Name                               Link     Load   Length Selector   Space Scale
C:\Users\ACER\AppData\Local\Temp\xcAscm0.\driver_tmp_18.o
                end_init                              0        0        3        0       0
                config                             2007     2007        1        0       4
dist/default/production\Self_counter_ssd_eeprom.X.production.o
                cinit                               7E8      7E8       18      FD0       0
                config                             2007     2007        1        0       4
                text11                              4FA      4FA       25      9F4       0
                text10                              576      576       36      AEC       0
                text9                               4E3      4E3       17      9C6       0
                text8                               4A8      4A8        6      950       0
                text7                               4C4      4C4        C      988       0
                text6                               4AE      4AE        B      95C       0
                text5                               5E6      5E6       44      BCC       0
                text4                               5AC      5AC       3A      B58       0
                text3                               549      549       2D      A92       0
                text2                               62A      62A       77      C54       0
                text1                               51F      51F       2A      A3E       0
                maintext                            6A1      6A1      147      D42       0
                cstackBANK0                          20       20       1C       20       1
                cstackCOMMON                         70       70        E       70       1
                inittext                            4D0      4D0       13      9A0       0
                dataBANK0                            3C       3C        B       20       1
                bssBANK0                             47       47        6       20       1
                nvBANK0                              4D       4D        1       20       1
                idataBANK0                          4B9      4B9        B      972       0

TOTAL           Name                               Link     Load   Length     Space
        CLASS   CODE           
                end_init                              0        0        3         0
                cinit                               7E8      7E8       18         0
                text11                              4FA      4FA       25         0
                text10                              576      576       36         0
                text9                               4E3      4E3       17         0
                text8                               4A8      4A8        6         0
                text7                               4C4      4C4        C         0
                text6                               4AE      4AE        B         0
                text5                               5E6      5E6       44         0
                text4                               5AC      5AC       3A         0
                text3                               549      549       2D         0
                text2                               62A      62A       77         0
                text1                               51F      51F       2A         0
                maintext                            6A1      6A1      147         0
                inittext                            4D0      4D0       13         0
                idataBANK0                          4B9      4B9        B         0

        CLASS   STRCODE        

        CLASS   STRING         

        CLASS   CONST          

        CLASS   ENTRY          

        CLASS   COMMON         
                cstackCOMMON                         70       70        E         1

        CLASS   BANK0          
                cstackBANK0                          20       20       1C         1
                dataBANK0                            3C       3C        B         1
                bssBANK0                             47       47        6         1
                nvBANK0                              4D       4D        1         1

        CLASS   BANK1          

        CLASS   BANK2          

        CLASS   BANK3          

        CLASS   RAM            

        CLASS   ABS1           
                abs_s1                               7E       7E        2         1

        CLASS   SFR0           

        CLASS   SFR1           

        CLASS   SFR2           

        CLASS   SFR3           

        CLASS   CONFIG         
                config                             2007     2007        1         4

        CLASS   IDLOC          

        CLASS   EEDATA         

        CLASS   STACK          



SEGMENTS        Name                           Load    Length   Top    Selector   Space  Class     Delta

                reset_vec                      000000  000003  000003         0       0  CODE        2
                cstackBANK0                    000020  00002E  00004E        20       1  BANK0       1
                cstackCOMMON                   000070  00000E  00007E        70       1  COMMON      1
                text8                          0004A8  000006  0004AE       950       0  CODE        2
                text6                          0004AE  00000B  0004B9       95C       0  CODE        2
                idataBANK0                     0004B9  00000B  0004C4       972       0  CODE        2
                text7                          0004C4  00000C  0004D0       988       0  CODE        2
                inittext                       0004D0  000013  0004E3       9A0       0  CODE        2
                text9                          0004E3  000017  0004FA       9C6       0  CODE        2
                text11                         0004FA  000025  00051F       9F4       0  CODE        2
                text1                          00051F  00002A  000549       A3E       0  CODE        2
                text3                          000549  00002D  000576       A92       0  CODE        2
                text10                         000576  000036  0005AC       AEC       0  CODE        2
                text4                          0005AC  00003A  0005E6       B58       0  CODE        2
                text5                          0005E6  000044  00062A       BCC       0  CODE        2
                text2                          00062A  000077  0006A1       C54       0  CODE        2
                maintext                       0006A1  000147  0007E8       D42       0  CODE        2
                cinit                          0007E8  000018  000800       FD0       0  CODE        2


UNUSED ADDRESS RANGES

        Name                Unused          Largest block    Delta
        BANK0            004E-006F             22           1
        BANK1            00A0-00EF             50           1
        BANK2            0110-016F             60           1
        BANK3            0190-01EF             60           1
        CODE             0003-04A7            4A5           2
                         0800-1FFF            800
        CONST            0003-04A7            100           2
                         0800-1FFF            100
        EEDATA           2100-21FF            100           2
        ENTRY            0003-04A7            100           2
                         0800-1FFF            100
        IDLOC            2000-2003              4           2
        RAM              004E-006F             22           1
                         00A0-00EF             50
                         0110-016F             60
                         0190-01EF             60
        SFR0             0000-001F             20           1
        SFR1             0080-009F             20           1
        SFR2             0100-010F             10           1
        SFR3             0180-018F             10           1
        STRCODE          0003-04A7            4A5           2
                         0800-1FFF           1800
        STRING           0003-04A7            100           2
                         0800-1FFF            100

                                  Symbol Table

?___lwdiv                    cstackCOMMON 0070
?___lwmod                    cstackCOMMON 0077
?___wmul                     cstackCOMMON 0071
_EEADR                       (abs)        010D
_EECON1                      (abs)        018C
_EECON1bits                  (abs)        018C
_EECON2                      (abs)        018D
_EEDATA                      (abs)        010C
_INTCONbits                  (abs)        000B
_PORTA                       (abs)        0005
_PORTB                       (abs)        0006
_PORTD                       (abs)        0008
_STATUSbits                  (abs)        0003
_TRISA                       (abs)        0085
_TRISB                       (abs)        0086
_TRISD                       (abs)        0088
__H__absolute__              __absolute__ 0000
__Habs1                      abs1         0000
__Hbank0                     bank0        0000
__Hbank1                     bank1        0000
__Hbank2                     bank2        0000
__Hbank3                     bank3        0000
__HbssBANK0                  bssBANK0     0000
__Hcinit                     cinit        0800
__Hclrtext                   clrtext      0000
__Hcode                      code         0000
__Hcommon                    common       0000
__Hconfig                    config       2008
__HcstackBANK0               cstackBANK0  0000
__HcstackCOMMON              cstackCOMMON 0000
__HdataBANK0                 dataBANK0    0000
__Heeprom_data               eeprom_data  0000
__Hend_init                  end_init     0003
__Hfunctab                   functab      0000
__HidataBANK0                idataBANK0   0000
__Hinit                      init         0000
__Hinittext                  inittext     0000
__Hintentry                  intentry     0000
__Hmaintext                  maintext     0000
__HnvBANK0                   nvBANK0      0000
__Hpowerup                   powerup      0000
__Hram                       ram          0000
__Hreset_vec                 reset_vec    0000
__Hsfr0                      sfr0         0000
__Hsfr1                      sfr1         0000
__Hsfr2                      sfr2         0000
__Hsfr3                      sfr3         0000
__Hspace_0                   (abs)        0800
__Hspace_1                   (abs)        007E
__Hspace_2                   (abs)        0000
__Hspace_3                   (abs)        0000
__Hspace_4                   (abs)        400F
__Hstack                     stack        0000
__Hstrings                   strings      0000
__Htext                      text         0000
__L__absolute__              __absolute__ 0000
__Labs1                      abs1         0000
__Lbank0                     bank0        0000
__Lbank1                     bank1        0000
__Lbank2                     bank2        0000
__Lbank3                     bank3        0000
__LbssBANK0                  bssBANK0     0000
__Lcinit                     cinit        07E8
__Lclrtext                   clrtext      0000
__Lcode                      code         0000
__Lcommon                    common       0000
__Lconfig                    config       0000
__LcstackBANK0               cstackBANK0  0000
__LcstackCOMMON              cstackCOMMON 0000
__LdataBANK0                 dataBANK0    0000
__Leeprom_data               eeprom_data  0000
__Lend_init                  end_init     0000
__Lfunctab                   functab      0000
__LidataBANK0                idataBANK0   0000
__Linit                      init         0000
__Linittext                  inittext     0000
__Lintentry                  intentry     0000
__Lmaintext                  maintext     0000
__LnvBANK0                   nvBANK0      0000
__Lpowerup                   powerup      0000
__Lram                       ram          0000
__Lreset_vec                 reset_vec    0000
__Lsfr0                      sfr0         0000
__Lsfr1                      sfr1         0000
__Lsfr2                      sfr2         0000
__Lsfr3                      sfr3         0000
__Lspace_0                   (abs)        0000
__Lspace_1                   (abs)        0000
__Lspace_2                   (abs)        0000
__Lspace_3                   (abs)        0000
__Lspace_4                   (abs)        0000
__Lstack                     stack        0000
__Lstrings                   strings      0000
__Ltext                      text         0000
__S0                         (abs)        0800
__S1                         (abs)        007E
__S3                         (abs)        0000
___int_sp                    stack        0000
___latbits                   (abs)        0002
___lwdiv                     text5        05E6
___lwdiv@counter             cstackCOMMON 0076
___lwdiv@dividend            cstackCOMMON 0072
___lwdiv@divisor             cstackCOMMON 0070
___lwdiv@quotient            cstackCOMMON 0074
___lwmod                     text4        05AC
___lwmod@counter             cstackCOMMON 007B
___lwmod@dividend            cstackCOMMON 0079
___lwmod@divisor             cstackCOMMON 0077
___sp                        stack        0000
___stackhi                   (abs)        0000
___stacklo                   (abs)        0000
___wmul                      text11       04FA
___wmul@multiplicand         cstackCOMMON 0073
___wmul@multiplier           cstackCOMMON 0071
___wmul@product              cstackCOMMON 0075
__end_of___lwdiv             text5        062A
__end_of___lwmod             text4        05E6
__end_of___wmul              text11       051F
__end_of__initialization     cinit        07FC
__end_of_display             text10       05AC
__end_of_eeprom_read         text9        04FA
__end_of_eeprom_write        text3        0576
__end_of_init_config         text6        04B9
__end_of_init_digital_keypad text8        04AE
__end_of_init_ssd            text7        04D0
__end_of_main                maintext     07E8
__end_of_memory_write        text2        06A1
__end_of_read_digital_keypad text1        0549
__initialization             cinit        07E8
__pbssBANK0                  bssBANK0     0047
__pcstackBANK0               cstackBANK0  0020
__pcstackCOMMON              cstackCOMMON 0070
__pdataBANK0                 dataBANK0    003C
__pidataBANK0                idataBANK0   04B9
__pmaintext                  maintext     06A1
__pnvBANK0                   nvBANK0      004D
__ptext1                     text1        051F
__ptext10                    text10       0576
__ptext11                    text11       04FA
__ptext2                     text2        062A
__ptext3                     text3        0549
__ptext4                     text4        05AC
__ptext5                     text5        05E6
__ptext6                     text6        04AE
__ptext7                     text7        04C4
__ptext8                     text8        04A8
__ptext9                     text9        04E3
_display                     text10       0576
_eeprom_read                 text9        04E3
_eeprom_write                text3        0549
_init_config                 text6        04AE
_init_digital_keypad         text8        04A8
_init_ssd                    text7        04C4
_main                        maintext     06A1
_memory_write                text2        062A
_read_digital_keypad         text1        051F
btemp                        (abs)        007E
display@data                 cstackCOMMON 0073
display@digit                cstackCOMMON 0074
display@wait                 cstackCOMMON 0071
eeprom_read@addr             cstackCOMMON 0070
eeprom_write@addr            cstackCOMMON 007D
eeprom_write@value           cstackCOMMON 007C
end_of_initialization        cinit        07FC
init_fetch0                  inittext     04D0
init_ram0                    inittext     04D4
intlevel0                    functab      0000
intlevel1                    functab      0000
intlevel2                    functab      0000
intlevel3                    functab      0000
intlevel4                    functab      0000
intlevel5                    functab      0000
main@F864                    dataBANK0    003C
main@count                   bssBANK0     004B
main@digit                   cstackBANK0  002E
main@flag                    bssBANK0     0049
main@key                     nvBANK0      004D
main@ssd                     cstackBANK0  0038
main@wait                    bssBANK0     0047
memory_write@count           cstackBANK0  0020
read_digital_keypad@mode     cstackCOMMON 0071
read_digital_keypad@once     dataBANK0    0046
reset_vec                    reset_vec    0000
start                        init         0000
start_initialization         cinit        07E8
wtemp0                       (abs)        007E


MODULE INFORMATION

Module		Function		Class		Link	Load	Size
ssd.c
		_init_ssd      		CODE           	04C4	0000	12
		_display       		CODE           	0576	0000	54

ssd.c estimated size: 66

digital_keypad.c
		_init_digital_keypad		CODE           	04A8	0000	6
		_read_digital_keypad		CODE           	051F	0000	42

digital_keypad.c estimated size: 48

C:\Program Files\Microchip\xc8\v2.41\pic\sources\c90\common\Umul16.c
		___wmul        		CODE           	04FA	0000	37

C:\Program Files\Microchip\xc8\v2.41\pic\sources\c90\common\Umul16.c estimated size: 37

C:\Program Files\Microchip\xc8\v2.41\pic\sources\c90\common\lwdiv.c
		___lwdiv       		CODE           	05E6	0000	68

C:\Program Files\Microchip\xc8\v2.41\pic\sources\c90\common\lwdiv.c estimated size: 68

C:\Program Files\Microchip\xc8\v2.41\pic\sources\c90\pic\__eeread.c
		_eeprom_read   		CODE           	04E3	0000	23

C:\Program Files\Microchip\xc8\v2.41\pic\sources\c90\pic\__eeread.c estimated size: 23

C:\Program Files\Microchip\xc8\v2.41\pic\sources\c90\pic\__eewrite.c
		_eeprom_write  		CODE           	0549	0000	45

C:\Program Files\Microchip\xc8\v2.41\pic\sources\c90\pic\__eewrite.c estimated size: 45

shared
		__initialization		CODE           	07E8	0000	20

shared estimated size: 20

C:\Program Files\Microchip\xc8\v2.41\pic\sources\c90\common\lwmod.c
		___lwmod       		CODE           	05AC	0000	58

C:\Program Files\Microchip\xc8\v2.41\pic\sources\c90\common\lwmod.c estimated size: 58

main.c
		_main          		CODE           	06A1	0000	327
		_memory_write  		CODE           	062A	0000	119
		_init_config   		CODE           	04AE	0000	11

main.c estimated size: 457

