Microchip MPLAB XC8 Compiler V2.41

Linker command line:

-W-3 \
  --edf=C:\Program Files\Microchip\xc8\v2.41\pic\dat\20230208172133_en.msgs \
  -cn -h+dist/default/debug\Static_clock_ssd.X.debug.sym \
  --cmf=dist/default/debug\Static_clock_ssd.X.debug.cmf -z -Q16F877A \
  -oC:\Users\ACER\AppData\Local\Temp\xcAsgdo.\driver_tmp_3.o \
  --defsym=__MPLAB_BUILD=1 --fixupoverflow=error \
  -Mdist/default/debug/Static_clock_ssd.X.debug.map \
  --md=C:\Users\ACER\AppData\Local\Temp\xcAsgdo.\driver_tmp_0.dat -E1 \
  -ver=XC8 Compiler --acfsm=1493 -ACODE=00h-07FFhx4 -ASTRCODE=00h-01FFFh \
  -ASTRING=00h-0FFhx32 -ACONST=00h-0FFhx32 -AENTRY=00h-0FFhx32 \
  -ACOMMON=070h-07Fh -ABANK0=020h-06Fh -ABANK1=0A0h-0EFh \
  -ABANK2=0110h-016Fh -ABANK3=0190h-01EFh \
  -ARAM=020h-06Fh,0A0h-0EFh,0110h-016Fh,0190h-01EFh \
  -AABS1=020h-07Fh,0A0h-0EFh,0110h-016Fh,0190h-01EFh -ASFR0=00h-01Fh \
  -ASFR1=080h-09Fh -ASFR2=0100h-010Fh -ASFR3=0180h-018Fh \
  -ACONFIG=02007h-02007h -DCONFIG=2 -AIDLOC=02000h-02003h -DIDLOC=2 \
  -AEEDATA=00h-0FFh/02100h -peeprom_data=EEDATA -DEEDATA=2 -DCODE=2 \
  -DSTRCODE=2 -DSTRING=2 -DCONST=2 -DENTRY=2 \
  -preset_vec=00h,intentry=04h,init,end_init -ppowerup=CODE -pcinit=CODE \
  -pfunctab=ENTRY -k \
  C:\Users\ACER\AppData\Local\Temp\xcAsgdo.\driver_tmp_12.o \
  dist/default/debug\Static_clock_ssd.X.debug.o 

Object code version is 3.11

Machine type is 16F877A



                Name                               Link     Load   Length Selector   Space Scale
C:\Users\ACER\AppData\Local\Temp\xcAsgdo.\driver_tmp_12.o
                end_init                              C        C        3        8       0
                reset_vec                             0        0        3        0       0
                config                             2007     2007        1        0       4
dist/default/debug\Static_clock_ssd.X.debug.o
                cinit                                 F        F       1E        8       0
                intentry                              4        4        8        8       0
                config                             2007     2007        1        0       4
                text7                               105      105       85        8       0
                text6                               1E4      1E4       46        8       0
                text5                               22A      22A       3C        8       0
                text4                               18A      18A       5A        8       0
                text3                               292      292        C        8       0
                text2                               29E      29E        A        8       0
                text1                               286      286        C        8       0
                maintext                             2D       2D       D8        8       0
                cstackBANK0                          20       20       1D       20       1
                cstackCOMMON                         70       70        5       70       1
                inittext                            266      266       13        8       0
                dataBANK0                            3D       3D        D       20       1
                bssBANK0                             4A       4A        8       20       1
                bssCOMMON                            75       75        4       70       1
                idataBANK0                          279      279        D        8       0

TOTAL           Name                               Link     Load   Length     Space
        CLASS   CODE           
                end_init                              C        C        3         0
                cinit                                 F        F       1E         0
                intentry                              4        4        8         0
                reset_vec                             0        0        3         0
                text7                               105      105       85         0
                text6                               1E4      1E4       46         0
                text5                               22A      22A       3C         0
                text4                               18A      18A       5A         0
                text3                               292      292        C         0
                text2                               29E      29E        A         0
                text1                               286      286        C         0
                maintext                             2D       2D       D8         0
                inittext                            266      266       13         0
                idataBANK0                          279      279        D         0

        CLASS   STRCODE        

        CLASS   STRING         

        CLASS   CONST          

        CLASS   ENTRY          

        CLASS   COMMON         
                cstackCOMMON                         70       70        5         1
                bssCOMMON                            75       75        4         1

        CLASS   BANK0          
                cstackBANK0                          20       20       1D         1
                dataBANK0                            3D       3D        D         1
                bssBANK0                             4A       4A        8         1

        CLASS   BANK1          

        CLASS   BANK2          

        CLASS   BANK3          

        CLASS   RAM            

        CLASS   ABS1           
                abs_s1                               7E       7E        2         1

        CLASS   SFR0           

        CLASS   SFR1           

        CLASS   SFR2           

        CLASS   SFR3           

        CLASS   CONFIG         
                config                             2007     2007        1         4

        CLASS   IDLOC          

        CLASS   EEDATA         

        CLASS   STACK          



SEGMENTS        Name                           Load    Length   Top    Selector   Space  Class     Delta

                reset_vec                      000000  000003  000003         0       0  CODE        2
                intentry                       000004  0002A4  0002A8         8       0  CODE        2
                cstackBANK0                    000020  000032  000052        20       1  BANK0       1
                cstackCOMMON                   000070  000009  000079        70       1  COMMON      1


UNUSED ADDRESS RANGES

        Name                Unused          Largest block    Delta
        BANK0            0052-006F             1E           1
        BANK1            00A0-00EF             50           1
        BANK2            0110-016F             60           1
        BANK3            0190-01EF             60           1
        CODE             0003-0003              1           2
                         02A8-1FFF            800
        COMMON           0079-007D              5           1
        CONST            0003-0003              1           2
                         02A8-1FFF            100
        EEDATA           2100-21FF            100           2
        ENTRY            0003-0003              1           2
                         02A8-1FFF            100
        IDLOC            2000-2003              4           2
        RAM              0052-006F             1E           1
                         00A0-00EF             50
                         0110-016F             60
                         0190-01EF             60
        SFR0             0000-001F             20           1
        SFR1             0080-009F             20           1
        SFR2             0100-010F             10           1
        SFR3             0180-018F             10           1
        STRCODE          0003-0003              1           2
                         02A8-1FFF           1D58
        STRING           0003-0003              1           2
                         02A8-1FFF            100

                                  Symbol Table

?___lwdiv                cstackBANK0  0020
?___lwmod                cstackBANK0  0020
_GIE                     (abs)        005F
_PORTA                   (abs)        0005
_PORTD                   (abs)        0008
_PSA                     (abs)        040B
_T0CS                    (abs)        040D
_TMR0                    (abs)        0001
_TMR0IE                  (abs)        005D
_TMR0IF                  (abs)        005A
_TRISA                   (abs)        0085
_TRISD                   (abs)        0088
__H__absolute__          __absolute__ 0000
__Habs1                  abs1         0000
__Hbank0                 bank0        0000
__Hbank1                 bank1        0000
__Hbank2                 bank2        0000
__Hbank3                 bank3        0000
__HbssBANK0              bssBANK0     0000
__HbssCOMMON             bssCOMMON    0000
__Hcinit                 cinit        002D
__Hclrtext               clrtext      0000
__Hcode                  code         0000
__Hcommon                common       0000
__Hconfig                config       2008
__HcstackBANK0           cstackBANK0  0000
__HcstackCOMMON          cstackCOMMON 0000
__HdataBANK0             dataBANK0    0000
__Heeprom_data           eeprom_data  0000
__Hend_init              end_init     000F
__Hfunctab               functab      0000
__HidataBANK0            idataBANK0   0000
__Hinit                  init         000C
__Hinittext              inittext     0000
__Hintentry              intentry     000C
__Hmaintext              maintext     0000
__Hpowerup               powerup      0000
__Hram                   ram          0000
__Hreset_vec             reset_vec    0003
__Hsfr0                  sfr0         0000
__Hsfr1                  sfr1         0000
__Hsfr2                  sfr2         0000
__Hsfr3                  sfr3         0000
__Hspace_0               (abs)        02A8
__Hspace_1               (abs)        0079
__Hspace_2               (abs)        0000
__Hspace_3               (abs)        0000
__Hspace_4               (abs)        400F
__Hstack                 stack        0000
__Hstrings               strings      0000
__Htext                  text         0000
__L__absolute__          __absolute__ 0000
__Labs1                  abs1         0000
__Lbank0                 bank0        0000
__Lbank1                 bank1        0000
__Lbank2                 bank2        0000
__Lbank3                 bank3        0000
__LbssBANK0              bssBANK0     0000
__LbssCOMMON             bssCOMMON    0000
__Lcinit                 cinit        000F
__Lclrtext               clrtext      0000
__Lcode                  code         0000
__Lcommon                common       0000
__Lconfig                config       0000
__LcstackBANK0           cstackBANK0  0000
__LcstackCOMMON          cstackCOMMON 0000
__LdataBANK0             dataBANK0    0000
__Leeprom_data           eeprom_data  0000
__Lend_init              end_init     000C
__Lfunctab               functab      0000
__LidataBANK0            idataBANK0   0000
__Linit                  init         000C
__Linittext              inittext     0000
__Lintentry              intentry     0004
__Lmaintext              maintext     0000
__Lpowerup               powerup      0000
__Lram                   ram          0000
__Lreset_vec             reset_vec    0000
__Lsfr0                  sfr0         0000
__Lsfr1                  sfr1         0000
__Lsfr2                  sfr2         0000
__Lsfr3                  sfr3         0000
__Lspace_0               (abs)        0000
__Lspace_1               (abs)        0000
__Lspace_2               (abs)        0000
__Lspace_3               (abs)        0000
__Lspace_4               (abs)        0000
__Lstack                 stack        0000
__Lstrings               strings      0000
__Ltext                  text         0000
__S0                     (abs)        02A8
__S1                     (abs)        0079
__S3                     (abs)        0000
___int_sp                stack        0000
___latbits               (abs)        0002
___lwdiv                 text6        01E4
___lwdiv@counter         cstackBANK0  0024
___lwdiv@dividend        cstackBANK0  0022
___lwdiv@divisor         cstackBANK0  0020
___lwdiv@quotient        cstackBANK0  0025
___lwmod                 text5        022A
___lwmod@counter         cstackCOMMON 0074
___lwmod@dividend        cstackBANK0  0022
___lwmod@divisor         cstackBANK0  0020
___sp                    stack        0000
___stackhi               (abs)        0000
___stacklo               (abs)        0000
__end_of___lwdiv         text6        022A
__end_of___lwmod         text5        0266
__end_of__initialization cinit        0029
__end_of_display         text4        01E4
__end_of_init_config     text1        0292
__end_of_init_ssd        text3        029E
__end_of_init_timer0     text2        02A8
__end_of_isr             text7        018A
__end_of_main            maintext     0105
__initialization         cinit        000F
__pbssBANK0              bssBANK0     004A
__pbssCOMMON             bssCOMMON    0075
__pcstackBANK0           cstackBANK0  0020
__pcstackCOMMON          cstackCOMMON 0070
__pdataBANK0             dataBANK0    003D
__pidataBANK0            idataBANK0   0279
__pintentry              intentry     0004
__pmaintext              maintext     002D
__ptext1                 text1        0286
__ptext2                 text2        029E
__ptext3                 text3        0292
__ptext4                 text4        018A
__ptext5                 text5        022A
__ptext6                 text6        01E4
__ptext7                 text7        0105
_display                 text4        018A
_flag                    bssBANK0     004E
_hour                    dataBANK0    0048
_init_config             text1        0286
_init_ssd                text3        0292
_init_timer0             text2        029E
_isr                     text7        0105
_main                    maintext     002D
_min                     bssBANK0     0050
btemp                    (abs)        007E
display@data             cstackBANK0  0028
display@digit            cstackBANK0  0029
display@wait             cstackBANK0  0024
end_of_initialization    cinit        0029
init_fetch0              inittext     0266
init_ram0                inittext     026A
interrupt_function       intentry     0004
intlevel0                functab      0000
intlevel1                functab      0000
intlevel2                functab      0000
intlevel3                functab      0000
intlevel4                functab      0000
intlevel5                functab      0000
isr@count                bssCOMMON    0075
isr@count1               bssBANK0     004A
main@F862                dataBANK0    003D
main@digit               cstackBANK0  002E
main@ssd                 cstackBANK0  0039
reset_vec                reset_vec    0000
saved_w                  (abs)        007E
start                    init         000C
start_initialization     cinit        000F
wtemp0                   (abs)        007E


MODULE INFORMATION

Module		Function		Class		Link	Load	Size
ssd.c
		_init_ssd      		CODE           	0292	0000	12
		_display       		CODE           	018A	0000	90

ssd.c estimated size: 102

timers.c
		_init_timer0   		CODE           	029E	0000	10

timers.c estimated size: 10

C:\Program Files\Microchip\xc8\v2.41\pic\sources\c90\common\lwdiv.c
		___lwdiv       		CODE           	01E4	0000	70

C:\Program Files\Microchip\xc8\v2.41\pic\sources\c90\common\lwdiv.c estimated size: 70

isr.c
		_isr           		CODE           	0105	0000	133

isr.c estimated size: 133

shared
		__initialization		CODE           	000F	0000	26

shared estimated size: 26

C:\Program Files\Microchip\xc8\v2.41\pic\sources\c90\common\lwmod.c
		___lwmod       		CODE           	022A	0000	60

C:\Program Files\Microchip\xc8\v2.41\pic\sources\c90\common\lwmod.c estimated size: 60

main.c
		_main          		CODE           	002D	0000	216
		_init_config   		CODE           	0286	0000	12

main.c estimated size: 228

