Microchip MPLAB XC8 Compiler V2.41

Linker command line:

-W-3 \
  --edf=C:\Program Files\Microchip\xc8\v2.41\pic\dat\20230208172133_en.msgs \
  -cn -h+dist/default/production\Dynamic_scroll_ssd.X.production.sym \
  --cmf=dist/default/production\Dynamic_scroll_ssd.X.production.cmf -z \
  -Q16F877A -oC:\Users\ACER\AppData\Local\Temp\xcAs1ho.\driver_tmp_3.o \
  --defsym=__MPLAB_BUILD=1 --fixupoverflow=error \
  -Mdist/default/production/Dynamic_scroll_ssd.X.production.map \
  --md=C:\Users\ACER\AppData\Local\Temp\xcAs1ho.\driver_tmp_0.dat -E1 \
  -ver=XC8 Compiler --acfsm=1493 -ACODE=00h-07FFhx4 -ASTRCODE=00h-01FFFh \
  -ASTRING=00h-0FFhx32 -ACONST=00h-0FFhx32 -AENTRY=00h-0FFhx32 \
  -ACOMMON=070h-07Fh -ABANK0=020h-06Fh -ABANK1=0A0h-0EFh \
  -ABANK2=0110h-016Fh -ABANK3=0190h-01EFh \
  -ARAM=020h-06Fh,0A0h-0EFh,0110h-016Fh,0190h-01EFh \
  -AABS1=020h-07Fh,0A0h-0EFh,0110h-016Fh,0190h-01EFh -ASFR0=00h-01Fh \
  -ASFR1=080h-09Fh -ASFR2=0100h-010Fh -ASFR3=0180h-018Fh \
  -ACONFIG=02007h-02007h -DCONFIG=2 -AIDLOC=02000h-02003h -DIDLOC=2 \
  -AEEDATA=00h-0FFh/02100h -peeprom_data=EEDATA -DEEDATA=2 -DCODE=2 \
  -DSTRCODE=2 -DSTRING=2 -DCONST=2 -DENTRY=2 \
  -preset_vec=00h,intentry,init,end_init -ppowerup=CODE -pcinit=CODE \
  -pfunctab=ENTRY -k \
  C:\Users\ACER\AppData\Local\Temp\xcAs1ho.\driver_tmp_12.o \
  dist/default/production\Dynamic_scroll_ssd.X.production.o 

Object code version is 3.11

Machine type is 16F877A



                Name                               Link     Load   Length Selector   Space Scale
C:\Users\ACER\AppData\Local\Temp\xcAs1ho.\driver_tmp_12.o
                end_init                              0        0        3        0       0
                config                             2007     2007        1        0       4
dist/default/production\Dynamic_scroll_ssd.X.production.o
                cinit                               7DC      7DC       24      FB8       0
                config                             2007     2007        1        0       4
                text5                               632      632       56      C64       0
                text4                               5B3      5B3        6      B66       0
                text3                               5C4      5C4        C      B88       0
                text2                               5B9      5B9        B      B72       0
                text1                               608      608       2A      C10       0
                maintext                            688      688      154      D10       0
                cstackBANK0                          20       20       28       20       1
                cstackCOMMON                         70       70        E       70       1
                inittext                            5DD      5DD       13      BBA       0
                dataBANK1                            A0       A0       18       A0       1
                dataBANK0                            48       48        D       20       1
                bssBANK0                             55       55        5       20       1
                idataBANK1                          5F0      5F0       18      BE0       0
                idataBANK0                          5D0      5D0        D      BA0       0

TOTAL           Name                               Link     Load   Length     Space
        CLASS   CODE           
                end_init                              0        0        3         0
                cinit                               7DC      7DC       24         0
                text5                               632      632       56         0
                text4                               5B3      5B3        6         0
                text3                               5C4      5C4        C         0
                text2                               5B9      5B9        B         0
                text1                               608      608       2A         0
                maintext                            688      688      154         0
                inittext                            5DD      5DD       13         0
                idataBANK1                          5F0      5F0       18         0
                idataBANK0                          5D0      5D0        D         0

        CLASS   STRCODE        

        CLASS   STRING         

        CLASS   CONST          

        CLASS   ENTRY          

        CLASS   COMMON         
                cstackCOMMON                         70       70        E         1

        CLASS   BANK0          
                cstackBANK0                          20       20       28         1
                dataBANK0                            48       48        D         1
                bssBANK0                             55       55        5         1

        CLASS   BANK1          
                dataBANK1                            A0       A0       18         1

        CLASS   BANK2          

        CLASS   BANK3          

        CLASS   RAM            

        CLASS   ABS1           
                abs_s1                               7E       7E        2         1

        CLASS   SFR0           

        CLASS   SFR1           

        CLASS   SFR2           

        CLASS   SFR3           

        CLASS   CONFIG         
                config                             2007     2007        1         4

        CLASS   IDLOC          

        CLASS   EEDATA         

        CLASS   STACK          



SEGMENTS        Name                           Load    Length   Top    Selector   Space  Class     Delta

                reset_vec                      000000  000003  000003         0       0  CODE        2
                cstackBANK0                    000020  00003A  00005A        20       1  BANK0       1
                cstackCOMMON                   000070  00000E  00007E        70       1  COMMON      1
                dataBANK1                      0000A0  000018  0000B8        A0       1  BANK1       1
                text4                          0005B3  000006  0005B9       B66       0  CODE        2
                text2                          0005B9  00000B  0005C4       B72       0  CODE        2
                text3                          0005C4  00000C  0005D0       B88       0  CODE        2
                idataBANK0                     0005D0  00000D  0005DD       BA0       0  CODE        2
                inittext                       0005DD  000013  0005F0       BBA       0  CODE        2
                idataBANK1                     0005F0  000018  000608       BE0       0  CODE        2
                text1                          000608  00002A  000632       C10       0  CODE        2
                text5                          000632  000056  000688       C64       0  CODE        2
                maintext                       000688  000154  0007DC       D10       0  CODE        2
                cinit                          0007DC  000024  000800       FB8       0  CODE        2


UNUSED ADDRESS RANGES

        Name                Unused          Largest block    Delta
        BANK0            005A-006F             16           1
        BANK1            00B8-00EF             38           1
        BANK2            0110-016F             60           1
        BANK3            0190-01EF             60           1
        CODE             0003-05B2            5B0           2
                         0800-1FFF            800
        CONST            0003-05B2            100           2
                         0800-1FFF            100
        EEDATA           2100-21FF            100           2
        ENTRY            0003-05B2            100           2
                         0800-1FFF            100
        IDLOC            2000-2003              4           2
        RAM              005A-006F             16           1
                         00B8-00EF             38
                         0110-016F             60
                         0190-01EF             60
        SFR0             0000-001F             20           1
        SFR1             0080-009F             20           1
        SFR2             0100-010F             10           1
        SFR3             0180-018F             10           1
        STRCODE          0003-05B2            5B0           2
                         0800-1FFF           1800
        STRING           0003-05B2            100           2
                         0800-1FFF            100

                                  Symbol Table

_PORTA                       (abs)        0005
_PORTB                       (abs)        0006
_PORTD                       (abs)        0008
_TRISA                       (abs)        0085
_TRISB                       (abs)        0086
_TRISD                       (abs)        0088
__H__absolute__              __absolute__ 0000
__Habs1                      abs1         0000
__Hbank0                     bank0        0000
__Hbank1                     bank1        0000
__Hbank2                     bank2        0000
__Hbank3                     bank3        0000
__HbssBANK0                  bssBANK0     0000
__Hcinit                     cinit        0800
__Hclrtext                   clrtext      0000
__Hcode                      code         0000
__Hcommon                    common       0000
__Hconfig                    config       2008
__HcstackBANK0               cstackBANK0  0000
__HcstackCOMMON              cstackCOMMON 0000
__HdataBANK0                 dataBANK0    0000
__HdataBANK1                 dataBANK1    0000
__Heeprom_data               eeprom_data  0000
__Hend_init                  end_init     0003
__Hfunctab                   functab      0000
__HidataBANK0                idataBANK0   0000
__HidataBANK1                idataBANK1   0000
__Hinit                      init         0000
__Hinittext                  inittext     0000
__Hintentry                  intentry     0000
__Hmaintext                  maintext     0000
__Hpowerup                   powerup      0000
__Hram                       ram          0000
__Hreset_vec                 reset_vec    0000
__Hsfr0                      sfr0         0000
__Hsfr1                      sfr1         0000
__Hsfr2                      sfr2         0000
__Hsfr3                      sfr3         0000
__Hspace_0                   (abs)        0800
__Hspace_1                   (abs)        00B8
__Hspace_2                   (abs)        0000
__Hspace_3                   (abs)        0000
__Hspace_4                   (abs)        400F
__Hstack                     stack        0000
__Hstrings                   strings      0000
__Htext                      text         0000
__L__absolute__              __absolute__ 0000
__Labs1                      abs1         0000
__Lbank0                     bank0        0000
__Lbank1                     bank1        0000
__Lbank2                     bank2        0000
__Lbank3                     bank3        0000
__LbssBANK0                  bssBANK0     0000
__Lcinit                     cinit        07DC
__Lclrtext                   clrtext      0000
__Lcode                      code         0000
__Lcommon                    common       0000
__Lconfig                    config       0000
__LcstackBANK0               cstackBANK0  0000
__LcstackCOMMON              cstackCOMMON 0000
__LdataBANK0                 dataBANK0    0000
__LdataBANK1                 dataBANK1    0000
__Leeprom_data               eeprom_data  0000
__Lend_init                  end_init     0000
__Lfunctab                   functab      0000
__LidataBANK0                idataBANK0   0000
__LidataBANK1                idataBANK1   0000
__Linit                      init         0000
__Linittext                  inittext     0000
__Lintentry                  intentry     0000
__Lmaintext                  maintext     0000
__Lpowerup                   powerup      0000
__Lram                       ram          0000
__Lreset_vec                 reset_vec    0000
__Lsfr0                      sfr0         0000
__Lsfr1                      sfr1         0000
__Lsfr2                      sfr2         0000
__Lsfr3                      sfr3         0000
__Lspace_0                   (abs)        0000
__Lspace_1                   (abs)        0000
__Lspace_2                   (abs)        0000
__Lspace_3                   (abs)        0000
__Lspace_4                   (abs)        0000
__Lstack                     stack        0000
__Lstrings                   strings      0000
__Ltext                      text         0000
__S0                         (abs)        0800
__S1                         (abs)        00B8
__S3                         (abs)        0000
___int_sp                    stack        0000
___latbits                   (abs)        0002
___sp                        stack        0000
___stackhi                   (abs)        0000
___stacklo                   (abs)        0000
__end_of__initialization     cinit        07FC
__end_of_display             text5        0688
__end_of_init_config         text2        05C4
__end_of_init_digital_keypad text4        05B9
__end_of_init_ssd            text3        05D0
__end_of_main                maintext     07DC
__end_of_read_digital_keypad text1        0632
__initialization             cinit        07DC
__pbssBANK0                  bssBANK0     0055
__pcstackBANK0               cstackBANK0  0020
__pcstackCOMMON              cstackCOMMON 0070
__pdataBANK0                 dataBANK0    0048
__pdataBANK1                 dataBANK1    00A0
__pidataBANK0                idataBANK0   05D0
__pidataBANK1                idataBANK1   05F0
__pmaintext                  maintext     0688
__ptext1                     text1        0608
__ptext2                     text2        05B9
__ptext3                     text3        05C4
__ptext4                     text4        05B3
__ptext5                     text5        0632
_display                     text5        0632
_init_config                 text2        05B9
_init_digital_keypad         text4        05B3
_init_ssd                    text3        05C4
_main                        maintext     0688
_read_digital_keypad         text1        0608
btemp                        (abs)        007E
display@data                 cstackCOMMON 0078
display@digit                cstackCOMMON 0079
display@wait                 cstackCOMMON 0074
end_of_initialization        cinit        07FC
init_fetch0                  inittext     05DD
init_ram0                    inittext     05E1
intlevel0                    functab      0000
intlevel1                    functab      0000
intlevel2                    functab      0000
intlevel3                    functab      0000
intlevel4                    functab      0000
intlevel5                    functab      0000
main@F864                    dataBANK1    00A0
main@arr                     cstackBANK0  0028
main@digit                   dataBANK0    0048
main@flag                    cstackBANK0  0046
main@i_58                    cstackBANK0  0040
main@i_61                    cstackBANK0  0042
main@i_64                    cstackBANK0  0044
main@key                     bssBANK0     0055
main@pre_key                 dataBANK0    0053
main@ssd                     bssBANK0     0056
main@temp                    cstackBANK0  0020
main@temp_60                 cstackBANK0  0022
main@temp_63                 cstackBANK0  0024
main@wait                    cstackBANK0  0026
read_digital_keypad@mode     cstackCOMMON 0071
read_digital_keypad@once     dataBANK0    0054
reset_vec                    reset_vec    0000
start                        init         0000
start_initialization         cinit        07DC
wtemp0                       (abs)        007E


MODULE INFORMATION

Module		Function		Class		Link	Load	Size
ssd.c
		_init_ssd      		CODE           	05C4	0000	12
		_display       		CODE           	0632	0000	86

ssd.c estimated size: 98

digital_keypad.c
		_init_digital_keypad		CODE           	05B3	0000	6
		_read_digital_keypad		CODE           	0608	0000	42

digital_keypad.c estimated size: 48

shared
		__initialization		CODE           	07DC	0000	32

shared estimated size: 32

main.c
		_main          		CODE           	0688	0000	340
		_init_config   		CODE           	05B9	0000	11

main.c estimated size: 351

