Microchip MPLAB XC8 Compiler V2.41

Linker command line:

-W-3 \
  --edf=C:\Program Files\Microchip\xc8\v2.41\pic\dat\20230208172133_en.msgs \
  -cn -h+dist/default/production\Four_digit_timer.X.production.sym \
  --cmf=dist/default/production\Four_digit_timer.X.production.cmf -z \
  -Q16F877A -oC:\Users\ACER\AppData\Local\Temp\xcAsc7s.\driver_tmp_3.o \
  --defsym=__MPLAB_BUILD=1 --fixupoverflow=error \
  -Mdist/default/production/Four_digit_timer.X.production.map \
  --md=C:\Users\ACER\AppData\Local\Temp\xcAsc7s.\driver_tmp_0.dat -E1 \
  -ver=XC8 Compiler --acfsm=1493 -ACODE=00h-07FFhx4 -ASTRCODE=00h-01FFFh \
  -ASTRING=00h-0FFhx32 -ACONST=00h-0FFhx32 -AENTRY=00h-0FFhx32 \
  -ACOMMON=070h-07Fh -ABANK0=020h-06Fh -ABANK1=0A0h-0EFh \
  -ABANK2=0110h-016Fh -ABANK3=0190h-01EFh \
  -ARAM=020h-06Fh,0A0h-0EFh,0110h-016Fh,0190h-01EFh \
  -AABS1=020h-07Fh,0A0h-0EFh,0110h-016Fh,0190h-01EFh -ASFR0=00h-01Fh \
  -ASFR1=080h-09Fh -ASFR2=0100h-010Fh -ASFR3=0180h-018Fh \
  -ACONFIG=02007h-02007h -DCONFIG=2 -AIDLOC=02000h-02003h -DIDLOC=2 \
  -AEEDATA=00h-0FFh/02100h -peeprom_data=EEDATA -DEEDATA=2 -DCODE=2 \
  -DSTRCODE=2 -DSTRING=2 -DCONST=2 -DENTRY=2 \
  -preset_vec=00h,intentry,init,end_init -ppowerup=CODE -pcinit=CODE \
  -pfunctab=ENTRY -k \
  C:\Users\ACER\AppData\Local\Temp\xcAsc7s.\driver_tmp_12.o \
  dist/default/production\Four_digit_timer.X.production.o 

Object code version is 3.11

Machine type is 16F877A



                Name                               Link     Load   Length Selector   Space Scale
C:\Users\ACER\AppData\Local\Temp\xcAsc7s.\driver_tmp_12.o
                end_init                              0        0        3        0       0
                config                             2007     2007        1        0       4
dist/default/production\Four_digit_timer.X.production.o
                cinit                               7E4      7E4       1C      FC8       0
                config                             2007     2007        1        0       4
                text7                               645      645       44      C8A       0
                text6                               60B      60B       3A      C16       0
                text5                               689      689       56      D12       0
                text4                               5A5      5A5        6      B4A       0
                text3                               5B6      5B6        C      B6C       0
                text2                               5AB      5AB        B      B56       0
                text1                               5E1      5E1       2A      BC2       0
                maintext                            6DF      6DF      105      DBE       0
                cstackBANK0                          2C       2C        6       20       1
                cstackCOMMON                         70       70        C       70       1
                inittext                            5CE      5CE       13      B9C       0
                dataBANK0                            20       20        C       20       1
                bssBANK0                             32       32        4       20       1
                dataCOMMON                           7C       7C        1       70       1
                idataBANK0                          5C2      5C2        C      B84       0
                idataCOMMON                         5A4      5A4        1      B48       0

TOTAL           Name                               Link     Load   Length     Space
        CLASS   CODE           
                end_init                              0        0        3         0
                cinit                               7E4      7E4       1C         0
                text7                               645      645       44         0
                text6                               60B      60B       3A         0
                text5                               689      689       56         0
                text4                               5A5      5A5        6         0
                text3                               5B6      5B6        C         0
                text2                               5AB      5AB        B         0
                text1                               5E1      5E1       2A         0
                maintext                            6DF      6DF      105         0
                inittext                            5CE      5CE       13         0
                idataBANK0                          5C2      5C2        C         0
                idataCOMMON                         5A4      5A4        1         0

        CLASS   STRCODE        

        CLASS   STRING         

        CLASS   CONST          

        CLASS   ENTRY          

        CLASS   COMMON         
                cstackCOMMON                         70       70        C         1
                dataCOMMON                           7C       7C        1         1

        CLASS   BANK0          
                cstackBANK0                          2C       2C        6         1
                dataBANK0                            20       20        C         1
                bssBANK0                             32       32        4         1

        CLASS   BANK1          

        CLASS   BANK2          

        CLASS   BANK3          

        CLASS   RAM            

        CLASS   ABS1           
                abs_s1                               7E       7E        2         1

        CLASS   SFR0           

        CLASS   SFR1           

        CLASS   SFR2           

        CLASS   SFR3           

        CLASS   CONFIG         
                config                             2007     2007        1         4

        CLASS   IDLOC          

        CLASS   EEDATA         

        CLASS   STACK          



SEGMENTS        Name                           Load    Length   Top    Selector   Space  Class     Delta

                reset_vec                      000000  000003  000003         0       0  CODE        2
                dataBANK0                      000020  000016  000036        20       1  BANK0       1
                cstackCOMMON                   000070  00000D  00007D        70       1  COMMON      1
                idataCOMMON                    0005A4  000001  0005A5       B48       0  CODE        2
                text4                          0005A5  000006  0005AB       B4A       0  CODE        2
                text2                          0005AB  00000B  0005B6       B56       0  CODE        2
                text3                          0005B6  00000C  0005C2       B6C       0  CODE        2
                idataBANK0                     0005C2  00000C  0005CE       B84       0  CODE        2
                inittext                       0005CE  000013  0005E1       B9C       0  CODE        2
                text1                          0005E1  00002A  00060B       BC2       0  CODE        2
                text6                          00060B  00003A  000645       C16       0  CODE        2
                text7                          000645  000044  000689       C8A       0  CODE        2
                text5                          000689  000056  0006DF       D12       0  CODE        2
                maintext                       0006DF  000105  0007E4       DBE       0  CODE        2
                cinit                          0007E4  00001C  000800       FC8       0  CODE        2


UNUSED ADDRESS RANGES

        Name                Unused          Largest block    Delta
        BANK0            0036-006F             3A           1
        BANK1            00A0-00EF             50           1
        BANK2            0110-016F             60           1
        BANK3            0190-01EF             60           1
        CODE             0003-05A3            5A1           2
                         0800-1FFF            800
        COMMON           007D-007D              1           1
        CONST            0003-05A3            100           2
                         0800-1FFF            100
        EEDATA           2100-21FF            100           2
        ENTRY            0003-05A3            100           2
                         0800-1FFF            100
        IDLOC            2000-2003              4           2
        RAM              0036-006F             3A           1
                         00A0-00EF             50
                         0110-016F             60
                         0190-01EF             60
        SFR0             0000-001F             20           1
        SFR1             0080-009F             20           1
        SFR2             0100-010F             10           1
        SFR3             0180-018F             10           1
        STRCODE          0003-05A3            5A1           2
                         0800-1FFF           1800
        STRING           0003-05A3            100           2
                         0800-1FFF            100

                                  Symbol Table

?___lwdiv                    cstackCOMMON 0075
?___lwmod                    cstackCOMMON 0070
_PORTA                       (abs)        0005
_PORTB                       (abs)        0006
_PORTD                       (abs)        0008
_TRISA                       (abs)        0085
_TRISB                       (abs)        0086
_TRISD                       (abs)        0088
__H__absolute__              __absolute__ 0000
__Habs1                      abs1         0000
__Hbank0                     bank0        0000
__Hbank1                     bank1        0000
__Hbank2                     bank2        0000
__Hbank3                     bank3        0000
__HbssBANK0                  bssBANK0     0000
__Hcinit                     cinit        0800
__Hclrtext                   clrtext      0000
__Hcode                      code         0000
__Hcommon                    common       0000
__Hconfig                    config       2008
__HcstackBANK0               cstackBANK0  0000
__HcstackCOMMON              cstackCOMMON 0000
__HdataBANK0                 dataBANK0    0000
__HdataCOMMON                dataCOMMON   0000
__Heeprom_data               eeprom_data  0000
__Hend_init                  end_init     0003
__Hfunctab                   functab      0000
__HidataBANK0                idataBANK0   0000
__HidataCOMMON               idataCOMMON  0000
__Hinit                      init         0000
__Hinittext                  inittext     0000
__Hintentry                  intentry     0000
__Hmaintext                  maintext     0000
__Hpowerup                   powerup      0000
__Hram                       ram          0000
__Hreset_vec                 reset_vec    0000
__Hsfr0                      sfr0         0000
__Hsfr1                      sfr1         0000
__Hsfr2                      sfr2         0000
__Hsfr3                      sfr3         0000
__Hspace_0                   (abs)        0800
__Hspace_1                   (abs)        007D
__Hspace_2                   (abs)        0000
__Hspace_3                   (abs)        0000
__Hspace_4                   (abs)        400F
__Hstack                     stack        0000
__Hstrings                   strings      0000
__Htext                      text         0000
__L__absolute__              __absolute__ 0000
__Labs1                      abs1         0000
__Lbank0                     bank0        0000
__Lbank1                     bank1        0000
__Lbank2                     bank2        0000
__Lbank3                     bank3        0000
__LbssBANK0                  bssBANK0     0000
__Lcinit                     cinit        07E4
__Lclrtext                   clrtext      0000
__Lcode                      code         0000
__Lcommon                    common       0000
__Lconfig                    config       0000
__LcstackBANK0               cstackBANK0  0000
__LcstackCOMMON              cstackCOMMON 0000
__LdataBANK0                 dataBANK0    0000
__LdataCOMMON                dataCOMMON   0000
__Leeprom_data               eeprom_data  0000
__Lend_init                  end_init     0000
__Lfunctab                   functab      0000
__LidataBANK0                idataBANK0   0000
__LidataCOMMON               idataCOMMON  0000
__Linit                      init         0000
__Linittext                  inittext     0000
__Lintentry                  intentry     0000
__Lmaintext                  maintext     0000
__Lpowerup                   powerup      0000
__Lram                       ram          0000
__Lreset_vec                 reset_vec    0000
__Lsfr0                      sfr0         0000
__Lsfr1                      sfr1         0000
__Lsfr2                      sfr2         0000
__Lsfr3                      sfr3         0000
__Lspace_0                   (abs)        0000
__Lspace_1                   (abs)        0000
__Lspace_2                   (abs)        0000
__Lspace_3                   (abs)        0000
__Lspace_4                   (abs)        0000
__Lstack                     stack        0000
__Lstrings                   strings      0000
__Ltext                      text         0000
__S0                         (abs)        0800
__S1                         (abs)        007D
__S3                         (abs)        0000
___int_sp                    stack        0000
___latbits                   (abs)        0002
___lwdiv                     text7        0645
___lwdiv@counter             cstackCOMMON 007B
___lwdiv@dividend            cstackCOMMON 0077
___lwdiv@divisor             cstackCOMMON 0075
___lwdiv@quotient            cstackCOMMON 0079
___lwmod                     text6        060B
___lwmod@counter             cstackCOMMON 0074
___lwmod@dividend            cstackCOMMON 0072
___lwmod@divisor             cstackCOMMON 0070
___sp                        stack        0000
___stackhi                   (abs)        0000
___stacklo                   (abs)        0000
__end_of___lwdiv             text7        0689
__end_of___lwmod             text6        0645
__end_of__initialization     cinit        07FC
__end_of_display             text5        06DF
__end_of_init_config         text2        05B6
__end_of_init_digital_keypad text4        05AB
__end_of_init_ssd            text3        05C2
__end_of_main                maintext     07E4
__end_of_read_digital_keypad text1        060B
__initialization             cinit        07E4
__pbssBANK0                  bssBANK0     0032
__pcstackBANK0               cstackBANK0  002C
__pcstackCOMMON              cstackCOMMON 0070
__pdataBANK0                 dataBANK0    0020
__pdataCOMMON                dataCOMMON   007C
__pidataBANK0                idataBANK0   05C2
__pidataCOMMON               idataCOMMON  05A4
__pmaintext                  maintext     06DF
__ptext1                     text1        05E1
__ptext2                     text2        05AB
__ptext3                     text3        05B6
__ptext4                     text4        05A5
__ptext5                     text5        0689
__ptext6                     text6        060B
__ptext7                     text7        0645
_count                       bssBANK0     0034
_digit                       dataBANK0    0020
_display                     text5        0689
_init_config                 text2        05AB
_init_digital_keypad         text4        05A5
_init_ssd                    text3        05B6
_main                        maintext     06DF
_pre_key1                    dataBANK0    002B
_pre_key2                    dataBANK0    002A
_press_duration              bssBANK0     0032
_read_digital_keypad         text1        05E1
btemp                        (abs)        007E
display@data                 cstackCOMMON 0078
display@digit                cstackCOMMON 0079
display@wait                 cstackCOMMON 0074
end_of_initialization        cinit        07FC
init_fetch0                  inittext     05CE
init_ram0                    inittext     05D2
intlevel0                    functab      0000
intlevel1                    functab      0000
intlevel2                    functab      0000
intlevel3                    functab      0000
intlevel4                    functab      0000
intlevel5                    functab      0000
main@key1                    cstackBANK0  0030
main@key2                    cstackBANK0  0031
main@ssd                     cstackBANK0  002C
read_digital_keypad@mode     cstackCOMMON 0071
read_digital_keypad@once     dataCOMMON   007C
reset_vec                    reset_vec    0000
start                        init         0000
start_initialization         cinit        07E4
wtemp0                       (abs)        007E


MODULE INFORMATION

Module		Function		Class		Link	Load	Size
ssd.c
		_init_ssd      		CODE           	05B6	0000	12
		_display       		CODE           	0689	0000	86

ssd.c estimated size: 98

digital_keypad.c
		_init_digital_keypad		CODE           	05A5	0000	6
		_read_digital_keypad		CODE           	05E1	0000	42

digital_keypad.c estimated size: 48

C:\Program Files\Microchip\xc8\v2.41\pic\sources\c90\common\lwdiv.c
		___lwdiv       		CODE           	0645	0000	68

C:\Program Files\Microchip\xc8\v2.41\pic\sources\c90\common\lwdiv.c estimated size: 68

shared
		__initialization		CODE           	07E4	0000	24

shared estimated size: 24

C:\Program Files\Microchip\xc8\v2.41\pic\sources\c90\common\lwmod.c
		___lwmod       		CODE           	060B	0000	58

C:\Program Files\Microchip\xc8\v2.41\pic\sources\c90\common\lwmod.c estimated size: 58

main.c
		_main          		CODE           	06DF	0000	261
		_init_config   		CODE           	05AB	0000	11

main.c estimated size: 272

