Microchip MPLAB XC8 Compiler V2.41

Linker command line:

-W-3 \
  --edf=C:\Program Files\Microchip\xc8\v2.41\pic\dat\20230208172133_en.msgs \
  -cn -h+dist/default/production\LED_DIMMER_TIMER_BASED.X.production.sym \
  --cmf=dist/default/production\LED_DIMMER_TIMER_BASED.X.production.cmf -z \
  -Q16F877A -oC:\Users\ACER\AppData\Local\Temp\xcAs58k.\driver_tmp_3.o \
  --defsym=__MPLAB_BUILD=1 --fixupoverflow=error \
  -Mdist/default/production/LED_DIMMER_TIMER_BASED.X.production.map \
  --md=C:\Users\ACER\AppData\Local\Temp\xcAs58k.\driver_tmp_0.dat -E1 \
  -ver=XC8 Compiler --acfsm=1493 -ACODE=00h-07FFhx4 -ASTRCODE=00h-01FFFh \
  -ASTRING=00h-0FFhx32 -ACONST=00h-0FFhx32 -AENTRY=00h-0FFhx32 \
  -ACOMMON=070h-07Fh -ABANK0=020h-06Fh -ABANK1=0A0h-0EFh \
  -ABANK2=0110h-016Fh -ABANK3=0190h-01EFh \
  -ARAM=020h-06Fh,0A0h-0EFh,0110h-016Fh,0190h-01EFh \
  -AABS1=020h-07Fh,0A0h-0EFh,0110h-016Fh,0190h-01EFh -ASFR0=00h-01Fh \
  -ASFR1=080h-09Fh -ASFR2=0100h-010Fh -ASFR3=0180h-018Fh \
  -ACONFIG=02007h-02007h -DCONFIG=2 -AIDLOC=02000h-02003h -DIDLOC=2 \
  -AEEDATA=00h-0FFh/02100h -peeprom_data=EEDATA -DEEDATA=2 -DCODE=2 \
  -DSTRCODE=2 -DSTRING=2 -DCONST=2 -DENTRY=2 \
  -preset_vec=00h,intentry=04h,init,end_init -ppowerup=CODE -pcinit=CODE \
  -pfunctab=ENTRY -k \
  C:\Users\ACER\AppData\Local\Temp\xcAs58k.\driver_tmp_12.o \
  dist/default/production\LED_DIMMER_TIMER_BASED.X.production.o 

Object code version is 3.11

Machine type is 16F877A



                Name                               Link     Load   Length Selector   Space Scale
C:\Users\ACER\AppData\Local\Temp\xcAs58k.\driver_tmp_12.o
                end_init                              C        C        3        8       0
                reset_vec                             0        0        3        0       0
                config                             2007     2007        1        0       4
dist/default/production\LED_DIMMER_TIMER_BASED.X.production.o
                cinit                                 F        F       1C        8       0
                intentry                              4        4        8        8       0
                config                             2007     2007        1        0       4
                text6                                67       67       2D        8       0
                text5                                F0       F0        6        8       0
                text4                                E5       E5        B        8       0
                text3                                D4       D4       11        8       0
                text2                                94       94       2A        8       0
                text1                                2B       2B       3C        8       0
                maintext                             BE       BE       16        8       0
                cstackCOMMON                         76       76        5       70       1
                dataCOMMON                           7B       7B        3       70       1
                bssCOMMON                            70       70        6       70       1
                idataCOMMON                          F6       F6        3        8       0

TOTAL           Name                               Link     Load   Length     Space
        CLASS   CODE           
                end_init                              C        C        3         0
                cinit                                 F        F       1C         0
                intentry                              4        4        8         0
                reset_vec                             0        0        3         0
                text6                                67       67       2D         0
                text5                                F0       F0        6         0
                text4                                E5       E5        B         0
                text3                                D4       D4       11         0
                text2                                94       94       2A         0
                text1                                2B       2B       3C         0
                maintext                             BE       BE       16         0
                idataCOMMON                          F6       F6        3         0

        CLASS   STRCODE        

        CLASS   STRING         

        CLASS   CONST          

        CLASS   ENTRY          

        CLASS   COMMON         
                cstackCOMMON                         76       76        5         1
                dataCOMMON                           7B       7B        3         1
                bssCOMMON                            70       70        6         1

        CLASS   BANK0          

        CLASS   BANK1          

        CLASS   BANK2          

        CLASS   BANK3          

        CLASS   RAM            

        CLASS   ABS1           
                abs_s1                               7E       7E        2         1

        CLASS   SFR0           

        CLASS   SFR1           

        CLASS   SFR2           

        CLASS   SFR3           

        CLASS   CONFIG         
                config                             2007     2007        1         4

        CLASS   IDLOC          

        CLASS   EEDATA         

        CLASS   STACK          



SEGMENTS        Name                           Load    Length   Top    Selector   Space  Class     Delta

                reset_vec                      000000  000003  000003         0       0  CODE        2
                intentry                       000004  0000F5  0000F9         8       0  CODE        2
                bssCOMMON                      000070  00000E  00007E        70       1  COMMON      1


UNUSED ADDRESS RANGES

        Name                Unused          Largest block    Delta
        BANK0            0020-006F             50           1
        BANK1            00A0-00EF             50           1
        BANK2            0110-016F             60           1
        BANK3            0190-01EF             60           1
        CODE             0003-0003              1           2
                         00F9-1FFF            800
        CONST            0003-0003              1           2
                         00F9-1FFF            100
        EEDATA           2100-21FF            100           2
        ENTRY            0003-0003              1           2
                         00F9-1FFF            100
        IDLOC            2000-2003              4           2
        RAM              0020-006F             50           1
                         00A0-00EF             50
                         0110-016F             60
                         0190-01EF             60
        SFR0             0000-001F             20           1
        SFR1             0080-009F             20           1
        SFR2             0100-010F             10           1
        SFR3             0180-018F             10           1
        STRCODE          0003-0003              1           2
                         00F9-1FFF           1F07
        STRING           0003-0003              1           2
                         00F9-1FFF            100

                                  Symbol Table

_GIE                         (abs)        005F
_PORTB                       (abs)        0006
_PORTD                       (abs)        0008
_PSA                         (abs)        040B
_RD0                         (abs)        0040
_T0CS                        (abs)        040D
_TMR0                        (abs)        0001
_TMR0IE                      (abs)        005D
_TMR0IF                      (abs)        005A
_TRISB                       (abs)        0086
_TRISD                       (abs)        0088
__H__absolute__              __absolute__ 0000
__Habs1                      abs1         0000
__Hbank0                     bank0        0000
__Hbank1                     bank1        0000
__Hbank2                     bank2        0000
__Hbank3                     bank3        0000
__HbssCOMMON                 bssCOMMON    0000
__Hcinit                     cinit        002B
__Hclrtext                   clrtext      0000
__Hcode                      code         0000
__Hcommon                    common       0000
__Hconfig                    config       2008
__HcstackCOMMON              cstackCOMMON 0000
__HdataCOMMON                dataCOMMON   0000
__Heeprom_data               eeprom_data  0000
__Hend_init                  end_init     000F
__Hfunctab                   functab      0000
__HidataCOMMON               idataCOMMON  0000
__Hinit                      init         000C
__Hintentry                  intentry     000C
__Hmaintext                  maintext     0000
__Hpowerup                   powerup      0000
__Hram                       ram          0000
__Hreset_vec                 reset_vec    0003
__Hsfr0                      sfr0         0000
__Hsfr1                      sfr1         0000
__Hsfr2                      sfr2         0000
__Hsfr3                      sfr3         0000
__Hspace_0                   (abs)        00F9
__Hspace_1                   (abs)        007E
__Hspace_2                   (abs)        0000
__Hspace_3                   (abs)        0000
__Hspace_4                   (abs)        400F
__Hstack                     stack        0000
__Hstrings                   strings      0000
__Htext                      text         0000
__L__absolute__              __absolute__ 0000
__Labs1                      abs1         0000
__Lbank0                     bank0        0000
__Lbank1                     bank1        0000
__Lbank2                     bank2        0000
__Lbank3                     bank3        0000
__LbssCOMMON                 bssCOMMON    0000
__Lcinit                     cinit        000F
__Lclrtext                   clrtext      0000
__Lcode                      code         0000
__Lcommon                    common       0000
__Lconfig                    config       0000
__LcstackCOMMON              cstackCOMMON 0000
__LdataCOMMON                dataCOMMON   0000
__Leeprom_data               eeprom_data  0000
__Lend_init                  end_init     000C
__Lfunctab                   functab      0000
__LidataCOMMON               idataCOMMON  0000
__Linit                      init         000C
__Lintentry                  intentry     0004
__Lmaintext                  maintext     0000
__Lpowerup                   powerup      0000
__Lram                       ram          0000
__Lreset_vec                 reset_vec    0000
__Lsfr0                      sfr0         0000
__Lsfr1                      sfr1         0000
__Lsfr2                      sfr2         0000
__Lsfr3                      sfr3         0000
__Lspace_0                   (abs)        0000
__Lspace_1                   (abs)        0000
__Lspace_2                   (abs)        0000
__Lspace_3                   (abs)        0000
__Lspace_4                   (abs)        0000
__Lstack                     stack        0000
__Lstrings                   strings      0000
__Ltext                      text         0000
__S0                         (abs)        00F9
__S1                         (abs)        007E
__S3                         (abs)        0000
___int_sp                    stack        0000
___latbits                   (abs)        0002
___sp                        stack        0000
___stackhi                   (abs)        0000
___stacklo                   (abs)        0000
__end_of__initialization     cinit        0027
__end_of_init_config         text3        00E5
__end_of_init_digital_keypad text5        00F6
__end_of_init_timer0         text4        00F0
__end_of_isr                 text6        0094
__end_of_main                maintext     00D4
__end_of_read_digital_keypad text2        00BE
__end_of_software_pwm        text1        0067
__initialization             cinit        000F
__pbssCOMMON                 bssCOMMON    0070
__pcstackCOMMON              cstackCOMMON 0076
__pdataCOMMON                dataCOMMON   007B
__pidataCOMMON               idataCOMMON  00F6
__pintentry                  intentry     0004
__pmaintext                  maintext     00BE
__ptext1                     text1        002B
__ptext2                     text2        0094
__ptext3                     text3        00D4
__ptext4                     text4        00E5
__ptext5                     text5        00F0
__ptext6                     text6        0067
_duty_cycle                  dataCOMMON   007B
_init_config                 text3        00D4
_init_digital_keypad         text5        00F0
_init_timer0                 text4        00E5
_isr                         text6        0067
_main                        maintext     00BE
_read_digital_keypad         text2        0094
_software_pwm                text1        002B
btemp                        (abs)        007E
end_of_initialization        cinit        0027
interrupt_function           intentry     0004
intlevel0                    functab      0000
intlevel1                    functab      0000
intlevel2                    functab      0000
intlevel3                    functab      0000
intlevel4                    functab      0000
intlevel5                    functab      0000
isr@loop_count               bssCOMMON    0070
main@key                     cstackCOMMON 007A
read_digital_keypad@mode     cstackCOMMON 0079
read_digital_keypad@once     dataCOMMON   007D
reset_vec                    reset_vec    0000
saved_w                      (abs)        007E
software_pwm@key             cstackCOMMON 0078
software_pwm@wait            bssCOMMON    0072
start                        init         000C
start_initialization         cinit        000F
wtemp0                       (abs)        007E


MODULE INFORMATION

Module		Function		Class		Link	Load	Size
timers.c
		_init_timer0   		CODE           	00E5	0000	11

timers.c estimated size: 11

digital_keypad.c
		_init_digital_keypad		CODE           	00F0	0000	6
		_read_digital_keypad		CODE           	0094	0000	42

digital_keypad.c estimated size: 48

isr.c
		_isr           		CODE           	0067	0000	45

isr.c estimated size: 45

shared
		__initialization		CODE           	000F	0000	24

shared estimated size: 24

main.c
		_main          		CODE           	00BE	0000	22
		_software_pwm  		CODE           	002B	0000	60
		_init_config   		CODE           	00D4	0000	17

main.c estimated size: 99

