Microchip MPLAB XC8 Compiler V2.41

Linker command line:

-W-3 \
  --edf=C:\Program Files\Microchip\xc8\v2.41\pic\dat\20230208172133_en.msgs \
  -cn -h+dist/default/production\Multiple_pattern_control.X.production.sym \
  --cmf=dist/default/production\Multiple_pattern_control.X.production.cmf \
  -z -Q16F877A -oC:\Users\ACER\AppData\Local\Temp\xcAsb58.\driver_tmp_3.o \
  --defsym=__MPLAB_BUILD=1 --fixupoverflow=error \
  -Mdist/default/production/Multiple_pattern_control.X.production.map \
  --md=C:\Users\ACER\AppData\Local\Temp\xcAsb58.\driver_tmp_0.dat -E1 \
  -ver=XC8 Compiler --acfsm=1493 -ACODE=00h-07FFhx4 -ASTRCODE=00h-01FFFh \
  -ASTRING=00h-0FFhx32 -ACONST=00h-0FFhx32 -AENTRY=00h-0FFhx32 \
  -ACOMMON=070h-07Fh -ABANK0=020h-06Fh -ABANK1=0A0h-0EFh \
  -ABANK2=0110h-016Fh -ABANK3=0190h-01EFh \
  -ARAM=020h-06Fh,0A0h-0EFh,0110h-016Fh,0190h-01EFh \
  -AABS1=020h-07Fh,0A0h-0EFh,0110h-016Fh,0190h-01EFh -ASFR0=00h-01Fh \
  -ASFR1=080h-09Fh -ASFR2=0100h-010Fh -ASFR3=0180h-018Fh \
  -ACONFIG=02007h-02007h -DCONFIG=2 -AIDLOC=02000h-02003h -DIDLOC=2 \
  -AEEDATA=00h-0FFh/02100h -peeprom_data=EEDATA -DEEDATA=2 -DCODE=2 \
  -DSTRCODE=2 -DSTRING=2 -DCONST=2 -DENTRY=2 \
  -preset_vec=00h,intentry,init,end_init -ppowerup=CODE -pcinit=CODE \
  -pfunctab=ENTRY -k \
  C:\Users\ACER\AppData\Local\Temp\xcAsb58.\driver_tmp_12.o \
  dist/default/production\Multiple_pattern_control.X.production.o 

Object code version is 3.11

Machine type is 16F877A



                Name                               Link     Load   Length Selector   Space Scale
C:\Users\ACER\AppData\Local\Temp\xcAsb58.\driver_tmp_12.o
                end_init                              0        0        3        0       0
                config                             2007     2007        1        0       4
dist/default/production\Multiple_pattern_control.X.production.o
                cinit                               7EB      7EB       15      FD6       0
                config                             2007     2007        1        0       4
                text4                               661      661        6      CC2       0
                text3                               667      667        C      CCE       0
                text2                               6BD      6BD      12E      D7A       0
                text1                               693      693       2A      D26       0
                maintext                            673      673       20      CE6       0
                cstackCOMMON                         70       70        9       70       1
                dataBANK0                            26       26        1       20       1
                bssBANK0                             20       20        6       20       1
                bssCOMMON                            79       79        5       70       1
                idataBANK0                          660      660        1      CC0       0

TOTAL           Name                               Link     Load   Length     Space
        CLASS   CODE           
                end_init                              0        0        3         0
                cinit                               7EB      7EB       15         0
                text4                               661      661        6         0
                text3                               667      667        C         0
                text2                               6BD      6BD      12E         0
                text1                               693      693       2A         0
                maintext                            673      673       20         0
                idataBANK0                          660      660        1         0

        CLASS   STRCODE        

        CLASS   STRING         

        CLASS   CONST          

        CLASS   ENTRY          

        CLASS   COMMON         
                cstackCOMMON                         70       70        9         1
                bssCOMMON                            79       79        5         1

        CLASS   BANK0          
                dataBANK0                            26       26        1         1
                bssBANK0                             20       20        6         1

        CLASS   BANK1          

        CLASS   BANK2          

        CLASS   BANK3          

        CLASS   RAM            

        CLASS   ABS1           
                abs_s1                               7E       7E        2         1

        CLASS   SFR0           

        CLASS   SFR1           

        CLASS   SFR2           

        CLASS   SFR3           

        CLASS   CONFIG         
                config                             2007     2007        1         4

        CLASS   IDLOC          

        CLASS   EEDATA         

        CLASS   STACK          



SEGMENTS        Name                           Load    Length   Top    Selector   Space  Class     Delta

                reset_vec                      000000  000003  000003         0       0  CODE        2
                bssBANK0                       000020  000007  000027        20       1  BANK0       1
                cstackCOMMON                   000070  00000E  00007E        70       1  COMMON      1
                idataBANK0                     000660  000001  000661       CC0       0  CODE        2
                text4                          000661  000006  000667       CC2       0  CODE        2
                text3                          000667  00000C  000673       CCE       0  CODE        2
                maintext                       000673  000020  000693       CE6       0  CODE        2
                text1                          000693  00002A  0006BD       D26       0  CODE        2
                text2                          0006BD  00012E  0007EB       D7A       0  CODE        2
                cinit                          0007EB  000015  000800       FD6       0  CODE        2


UNUSED ADDRESS RANGES

        Name                Unused          Largest block    Delta
        BANK0            0027-006F             49           1
        BANK1            00A0-00EF             50           1
        BANK2            0110-016F             60           1
        BANK3            0190-01EF             60           1
        CODE             0003-065F            65D           2
                         0800-1FFF            800
        CONST            0003-065F            100           2
                         0800-1FFF            100
        EEDATA           2100-21FF            100           2
        ENTRY            0003-065F            100           2
                         0800-1FFF            100
        IDLOC            2000-2003              4           2
        RAM              0027-006F             49           1
                         00A0-00EF             50
                         0110-016F             60
                         0190-01EF             60
        SFR0             0000-001F             20           1
        SFR1             0080-009F             20           1
        SFR2             0100-010F             10           1
        SFR3             0180-018F             10           1
        STRCODE          0003-065F            65D           2
                         0800-1FFF           1800
        STRING           0003-065F            100           2
                         0800-1FFF            100

                                  Symbol Table

_PORTB                       (abs)        0006
_PORTD                       (abs)        0008
_TRISB                       (abs)        0086
_TRISD                       (abs)        0088
__H__absolute__              __absolute__ 0000
__Habs1                      abs1         0000
__Hbank0                     bank0        0000
__Hbank1                     bank1        0000
__Hbank2                     bank2        0000
__Hbank3                     bank3        0000
__HbssBANK0                  bssBANK0     0000
__HbssCOMMON                 bssCOMMON    0000
__Hcinit                     cinit        0800
__Hclrtext                   clrtext      0000
__Hcode                      code         0000
__Hcommon                    common       0000
__Hconfig                    config       2008
__HcstackCOMMON              cstackCOMMON 0000
__HdataBANK0                 dataBANK0    0000
__Heeprom_data               eeprom_data  0000
__Hend_init                  end_init     0003
__Hfunctab                   functab      0000
__HidataBANK0                idataBANK0   0000
__Hinit                      init         0000
__Hintentry                  intentry     0000
__Hmaintext                  maintext     0000
__Hpowerup                   powerup      0000
__Hram                       ram          0000
__Hreset_vec                 reset_vec    0000
__Hsfr0                      sfr0         0000
__Hsfr1                      sfr1         0000
__Hsfr2                      sfr2         0000
__Hsfr3                      sfr3         0000
__Hspace_0                   (abs)        0800
__Hspace_1                   (abs)        007E
__Hspace_2                   (abs)        0000
__Hspace_3                   (abs)        0000
__Hspace_4                   (abs)        400F
__Hstack                     stack        0000
__Hstrings                   strings      0000
__Htext                      text         0000
__L__absolute__              __absolute__ 0000
__Labs1                      abs1         0000
__Lbank0                     bank0        0000
__Lbank1                     bank1        0000
__Lbank2                     bank2        0000
__Lbank3                     bank3        0000
__LbssBANK0                  bssBANK0     0000
__LbssCOMMON                 bssCOMMON    0000
__Lcinit                     cinit        07EB
__Lclrtext                   clrtext      0000
__Lcode                      code         0000
__Lcommon                    common       0000
__Lconfig                    config       0000
__LcstackCOMMON              cstackCOMMON 0000
__LdataBANK0                 dataBANK0    0000
__Leeprom_data               eeprom_data  0000
__Lend_init                  end_init     0000
__Lfunctab                   functab      0000
__LidataBANK0                idataBANK0   0000
__Linit                      init         0000
__Lintentry                  intentry     0000
__Lmaintext                  maintext     0000
__Lpowerup                   powerup      0000
__Lram                       ram          0000
__Lreset_vec                 reset_vec    0000
__Lsfr0                      sfr0         0000
__Lsfr1                      sfr1         0000
__Lsfr2                      sfr2         0000
__Lsfr3                      sfr3         0000
__Lspace_0                   (abs)        0000
__Lspace_1                   (abs)        0000
__Lspace_2                   (abs)        0000
__Lspace_3                   (abs)        0000
__Lspace_4                   (abs)        0000
__Lstack                     stack        0000
__Lstrings                   strings      0000
__Ltext                      text         0000
__S0                         (abs)        0800
__S1                         (abs)        007E
__S3                         (abs)        0000
___int_sp                    stack        0000
___latbits                   (abs)        0002
___sp                        stack        0000
___stackhi                   (abs)        0000
___stacklo                   (abs)        0000
__end_of__initialization     cinit        07FC
__end_of_init_config         text3        0673
__end_of_init_digital_keypad text4        0667
__end_of_main                maintext     0693
__end_of_multiple_pattern    text2        07EB
__end_of_read_digital_keypad text1        06BD
__initialization             cinit        07EB
__pbssBANK0                  bssBANK0     0020
__pbssCOMMON                 bssCOMMON    0079
__pcstackCOMMON              cstackCOMMON 0070
__pdataBANK0                 dataBANK0    0026
__pidataBANK0                idataBANK0   0660
__pmaintext                  maintext     0673
__ptext1                     text1        0693
__ptext2                     text2        06BD
__ptext3                     text3        0667
__ptext4                     text4        0661
_init_config                 text3        0667
_init_digital_keypad         text4        0661
_main                        maintext     0673
_multiple_pattern            text2        06BD
_multiple_pattern$54         cstackCOMMON 0073
_multiple_pattern$55         cstackCOMMON 0075
_read_digital_keypad         text1        0693
btemp                        (abs)        007E
end_of_initialization        cinit        07FC
intlevel0                    functab      0000
intlevel1                    functab      0000
intlevel2                    functab      0000
intlevel3                    functab      0000
intlevel4                    functab      0000
intlevel5                    functab      0000
main@key                     cstackCOMMON 0078
main@pre_key                 cstackCOMMON 0077
multiple_pattern@delay       bssBANK0     0020
multiple_pattern@flag        bssCOMMON    007D
multiple_pattern@i           bssCOMMON    007B
multiple_pattern@j           bssCOMMON    0079
multiple_pattern@k           bssBANK0     0024
multiple_pattern@pre_key     cstackCOMMON 0072
read_digital_keypad@mode     cstackCOMMON 0071
read_digital_keypad@once     dataBANK0    0026
reset_vec                    reset_vec    0000
start                        init         0000
start_initialization         cinit        07EB
wtemp0                       (abs)        007E


MODULE INFORMATION

Module		Function		Class		Link	Load	Size
digital_keypad.c
		_init_digital_keypad		CODE           	0661	0000	6
		_read_digital_keypad		CODE           	0693	0000	42

digital_keypad.c estimated size: 48

shared
		__initialization		CODE           	07EB	0000	17

shared estimated size: 17

main.c
		_main          		CODE           	0673	0000	32
		_multiple_pattern		CODE           	06BD	0000	302
		_init_config   		CODE           	0667	0000	12

main.c estimated size: 346

