Microchip MPLAB XC8 Compiler V2.41

Linker command line:

-W-3 \
  --edf=C:\Program Files\Microchip\xc8\v2.41\pic\dat\20230208172133_en.msgs \
  -cn -h+dist/default/production\LM35_Temperature.X.production.sym \
  --cmf=dist/default/production\LM35_Temperature.X.production.cmf -z \
  -Q16F877A -oC:\Users\ACER\AppData\Local\Temp\xcAsc0g.\driver_tmp_3.o \
  --defsym=__MPLAB_BUILD=1 --fixupoverflow=error \
  -Mdist/default/production/LM35_Temperature.X.production.map \
  --md=C:\Users\ACER\AppData\Local\Temp\xcAsc0g.\driver_tmp_0.dat -E1 \
  -ver=XC8 Compiler --acfsm=1493 -ACODE=00h-07FFhx4 -ASTRCODE=00h-01FFFh \
  -ASTRING=00h-0FFhx32 -ACONST=00h-0FFhx32 -AENTRY=00h-0FFhx32 \
  -ACOMMON=070h-07Fh -ABANK0=020h-06Fh -ABANK1=0A0h-0EFh \
  -ABANK2=0110h-016Fh -ABANK3=0190h-01EFh \
  -ARAM=020h-06Fh,0A0h-0EFh,0110h-016Fh,0190h-01EFh \
  -AABS1=020h-07Fh,0A0h-0EFh,0110h-016Fh,0190h-01EFh -ASFR0=00h-01Fh \
  -ASFR1=080h-09Fh -ASFR2=0100h-010Fh -ASFR3=0180h-018Fh \
  -ACONFIG=02007h-02007h -DCONFIG=2 -AIDLOC=02000h-02003h -DIDLOC=2 \
  -AEEDATA=00h-0FFh/02100h -peeprom_data=EEDATA -DEEDATA=2 -DCODE=2 \
  -DSTRCODE=2 -DSTRING=2 -DCONST=2 -DENTRY=2 \
  -preset_vec=00h,intentry,init,end_init -ppowerup=CODE -pcinit=CODE \
  -pfunctab=ENTRY -k \
  C:\Users\ACER\AppData\Local\Temp\xcAsc0g.\driver_tmp_12.o \
  dist/default/production\LM35_Temperature.X.production.o 

Object code version is 3.11

Machine type is 16F877A



                Name                               Link     Load   Length Selector   Space Scale
C:\Users\ACER\AppData\Local\Temp\xcAsc0g.\driver_tmp_12.o
                end_init                              0        0        3        0       0
                config                             2007     2007        1        0       4
dist/default/production\LM35_Temperature.X.production.o
                cinit                               7FC      7FC        4      FF8       0
                config                             2007     2007        1        0       4
                text15                              2E8      2E8      1CF      5D0       0
                text14                               AB       AB       67      156       0
                text13                              FA7      FA7       59     1F4E       0
                text12                              EFB      EFB       27     1DF6       0
                text11                              4B7      4B7      345      96E       0
                text10                              112      112       78      224       0
                text9                               230      230       B8      460       0
                text8                                12       12       36       24       0
                text7                               F22      F22       2F     1E44       0
                text6                               18A      18A       A6      314       0
                text5                               EBF      EBF        7     1D7E       0
                text4                                48       48       63       90       0
                text3                                 7        7        B        E       0
                text2                               EC6      EC6       16     1D8C       0
                text1                               EDC      EDC       1F     1DB8       0
                maintext                            F51      F51       56     1EA2       0
                cstackBANK0                          20       20       35       20       1
                cstackCOMMON                         70       70        E       70       1
                strings                             800      800       28     1000       0

TOTAL           Name                               Link     Load   Length     Space
        CLASS   CODE           
                end_init                              0        0        3         0
                cinit                               7FC      7FC        4         0
                text15                              2E8      2E8      1CF         0
                text14                               AB       AB       67         0
                text13                              FA7      FA7       59         0
                text12                              EFB      EFB       27         0
                text11                              4B7      4B7      345         0
                text10                              112      112       78         0
                text9                               230      230       B8         0
                text8                                12       12       36         0
                text7                               F22      F22       2F         0
                text6                               18A      18A       A6         0
                text5                               EBF      EBF        7         0
                text4                                48       48       63         0
                text3                                 7        7        B         0
                text2                               EC6      EC6       16         0
                text1                               EDC      EDC       1F         0
                maintext                            F51      F51       56         0

        CLASS   STRCODE        

        CLASS   STRING         
                strings                             800      800       28         0

        CLASS   CONST          

        CLASS   ENTRY          

        CLASS   COMMON         
                cstackCOMMON                         70       70        E         1

        CLASS   BANK0          
                cstackBANK0                          20       20       35         1

        CLASS   BANK1          

        CLASS   BANK2          

        CLASS   BANK3          

        CLASS   RAM            

        CLASS   ABS1           
                abs_s1                               7E       7E        2         1

        CLASS   SFR0           

        CLASS   SFR1           

        CLASS   SFR2           

        CLASS   SFR3           

        CLASS   CONFIG         
                config                             2007     2007        1         4

        CLASS   IDLOC          

        CLASS   EEDATA         

        CLASS   STACK          



SEGMENTS        Name                           Load    Length   Top    Selector   Space  Class     Delta

                reset_vec                      000000  000003  000003         0       0  CODE        2
                text3                          000007  00000B  000012         E       0  CODE        2
                cstackBANK0                    000020  000035  000055        20       1  BANK0       1
                text8                          000012  000036  000048        24       0  CODE        2
                cstackCOMMON                   000070  00000E  00007E        70       1  COMMON      1
                text4                          000048  000063  0000AB        90       0  CODE        2
                text14                         0000AB  000067  000112       156       0  CODE        2
                text10                         000112  000078  00018A       224       0  CODE        2
                text6                          00018A  0000A6  000230       314       0  CODE        2
                text9                          000230  0000B8  0002E8       460       0  CODE        2
                text15                         0002E8  0001CF  0004B7       5D0       0  CODE        2
                text11                         0004B7  000345  0007FC       96E       0  CODE        2
                cinit                          0007FC  000004  000800       FF8       0  CODE        2
                strings                        000800  000028  000828      1000       0  STRING      2
                text5                          000EBF  000007  000EC6      1D7E       0  CODE        2
                text2                          000EC6  000016  000EDC      1D8C       0  CODE        2
                text1                          000EDC  00001F  000EFB      1DB8       0  CODE        2
                text12                         000EFB  000027  000F22      1DF6       0  CODE        2
                text7                          000F22  00002F  000F51      1E44       0  CODE        2
                maintext                       000F51  000056  000FA7      1EA2       0  CODE        2
                text13                         000FA7  000059  001000      1F4E       0  CODE        2


UNUSED ADDRESS RANGES

        Name                Unused          Largest block    Delta
        BANK0            0055-006F             1B           1
        BANK1            00A0-00EF             50           1
        BANK2            0110-016F             60           1
        BANK3            0190-01EF             60           1
        CODE             0003-0006              4           2
                         0828-0EBE            697
                         1000-1FFF            800
        CONST            0003-0006              4           2
                         0828-0EBE            100
                         1000-1FFF            100
        EEDATA           2100-21FF            100           2
        ENTRY            0003-0006              4           2
                         0828-0EBE            100
                         1000-1FFF            100
        IDLOC            2000-2003              4           2
        RAM              0055-006F             1B           1
                         00A0-00EF             50
                         0110-016F             60
                         0190-01EF             60
        SFR0             0000-001F             20           1
        SFR1             0080-009F             20           1
        SFR2             0100-010F             10           1
        SFR3             0180-018F             10           1
        STRCODE          0003-0006              4           2
                         0828-0EBE            697
                         1000-1FFF           1000
        STRING           0003-0006              4           2
                         0828-0EBE            100
                         1000-1FFF            100

                                  Symbol Table

?__Umul8_16                      cstackCOMMON 0070
?___awdiv                        cstackCOMMON 0070
?___awmod                        cstackCOMMON 0070
?___fldiv                        cstackBANK0  0020
?___flmul                        cstackBANK0  0020
?___fltol                        cstackBANK0  003A
?___xxtofl                       cstackCOMMON 0070
?_read_adc                       cstackCOMMON 0070
_ADCON0                          (abs)        001F
_ADFM                            (abs)        04FF
_ADON                            (abs)        00F8
_ADRESH                          (abs)        001E
_ADRESL                          (abs)        009E
_GO                              (abs)        00FA
_PORTD                           (abs)        0008
_RE1                             (abs)        0049
_RE2                             (abs)        004A
_TRISD                           (abs)        0088
_TRISE1                          (abs)        0449
_TRISE2                          (abs)        044A
__H__absolute__                  __absolute__ 0000
__Habs1                          abs1         0000
__Hbank0                         bank0        0000
__Hbank1                         bank1        0000
__Hbank2                         bank2        0000
__Hbank3                         bank3        0000
__Hcinit                         cinit        0800
__Hclrtext                       clrtext      0000
__Hcode                          code         0000
__Hcommon                        common       0000
__Hconfig                        config       2008
__HcstackBANK0                   cstackBANK0  0000
__HcstackCOMMON                  cstackCOMMON 0000
__Heeprom_data                   eeprom_data  0000
__Hend_init                      end_init     0003
__Hfunctab                       functab      0000
__Hinit                          init         0000
__Hintentry                      intentry     0000
__Hmaintext                      maintext     0000
__Hpowerup                       powerup      0000
__Hram                           ram          0000
__Hreset_vec                     reset_vec    0000
__Hsfr0                          sfr0         0000
__Hsfr1                          sfr1         0000
__Hsfr2                          sfr2         0000
__Hsfr3                          sfr3         0000
__Hspace_0                       (abs)        1000
__Hspace_1                       (abs)        007E
__Hspace_2                       (abs)        0000
__Hspace_3                       (abs)        0000
__Hspace_4                       (abs)        400F
__Hstack                         stack        0000
__Hstrings                       strings      0000
__Htext                          text         0000
__L__absolute__                  __absolute__ 0000
__Labs1                          abs1         0000
__Lbank0                         bank0        0000
__Lbank1                         bank1        0000
__Lbank2                         bank2        0000
__Lbank3                         bank3        0000
__Lcinit                         cinit        07FC
__Lclrtext                       clrtext      0000
__Lcode                          code         0000
__Lcommon                        common       0000
__Lconfig                        config       0000
__LcstackBANK0                   cstackBANK0  0000
__LcstackCOMMON                  cstackCOMMON 0000
__Leeprom_data                   eeprom_data  0000
__Lend_init                      end_init     0000
__Lfunctab                       functab      0000
__Linit                          init         0000
__Lintentry                      intentry     0000
__Lmaintext                      maintext     0000
__Lpowerup                       powerup      0000
__Lram                           ram          0000
__Lreset_vec                     reset_vec    0000
__Lsfr0                          sfr0         0000
__Lsfr1                          sfr1         0000
__Lsfr2                          sfr2         0000
__Lsfr3                          sfr3         0000
__Lspace_0                       (abs)        0000
__Lspace_1                       (abs)        0000
__Lspace_2                       (abs)        0000
__Lspace_3                       (abs)        0000
__Lspace_4                       (abs)        0000
__Lstack                         stack        0000
__Lstrings                       strings      0000
__Ltext                          text         0000
__S0                             (abs)        1000
__S1                             (abs)        007E
__S3                             (abs)        0000
__Umul8_16                       text12       0EFB
__Umul8_16@multiplicand          cstackCOMMON 0070
__Umul8_16@multiplier            cstackCOMMON 0078
__Umul8_16@product               cstackCOMMON 0074
__Umul8_16@word_mpld             cstackCOMMON 0076
___awdiv                         text14       00AB
___awdiv@counter                 cstackCOMMON 0074
___awdiv@dividend                cstackCOMMON 0072
___awdiv@divisor                 cstackCOMMON 0070
___awdiv@quotient                cstackCOMMON 0076
___awdiv@sign                    cstackCOMMON 0075
___awmod                         text13       0FA7
___awmod@counter                 cstackCOMMON 0074
___awmod@dividend                cstackCOMMON 0072
___awmod@divisor                 cstackCOMMON 0070
___awmod@sign                    cstackCOMMON 0075
___fldiv                         text15       02E8
___fldiv@a                       cstackBANK0  0020
___fldiv@aexp                    cstackBANK0  0039
___fldiv@b                       cstackBANK0  0024
___fldiv@bexp                    cstackBANK0  0038
___fldiv@grs                     cstackBANK0  0034
___fldiv@new_exp                 cstackBANK0  0032
___fldiv@rem                     cstackBANK0  002D
___fldiv@sign                    cstackBANK0  0031
___flmul                         text11       04B7
___flmul@a                       cstackBANK0  0024
___flmul@aexp                    cstackBANK0  0032
___flmul@b                       cstackBANK0  0020
___flmul@bexp                    cstackBANK0  0033
___flmul@grs                     cstackBANK0  002E
___flmul@prod                    cstackBANK0  0034
___flmul@sign                    cstackBANK0  002D
___flmul@temp                    cstackBANK0  0038
___fltol                         text10       0112
___fltol@exp1                    cstackBANK0  0043
___fltol@f1                      cstackBANK0  003A
___fltol@sign1                   cstackBANK0  0042
___int_sp                        stack        0000
___latbits                       (abs)        0002
___sp                            stack        0000
___stackhi                       (abs)        0000
___stacklo                       (abs)        0000
___xxtofl                        text9        0230
___xxtofl@arg                    cstackCOMMON 007A
___xxtofl@exp                    cstackCOMMON 0079
___xxtofl@sign                   cstackCOMMON 0078
___xxtofl@val                    cstackCOMMON 0070
__end_of__Umul8_16               text12       0F22
__end_of___awdiv                 text14       0112
__end_of___awmod                 text13       1000
__end_of___fldiv                 text15       04B7
__end_of___flmul                 text11       07FC
__end_of___fltol                 text10       018A
__end_of___xxtofl                text9        02E8
__end_of__initialization         cinit        07FC
__end_of__stringtab              strings      0810
__end_of_clcd_print              text7        0F51
__end_of_clcd_write              text8        0048
__end_of_display                 text6        0230
__end_of_init_adc                text5        0EC6
__end_of_init_clcd               text3        0012
__end_of_init_config             text2        0EDC
__end_of_init_display_controller text4        00AB
__end_of_main                    maintext     0FA7
__end_of_read_adc                text1        0EFB
__initialization                 cinit        07FC
__pcstackBANK0                   cstackBANK0  0020
__pcstackCOMMON                  cstackCOMMON 0070
__pmaintext                      maintext     0F51
__pstrings                       strings      0800
__ptext1                         text1        0EDC
__ptext10                        text10       0112
__ptext11                        text11       04B7
__ptext12                        text12       0EFB
__ptext13                        text13       0FA7
__ptext14                        text14       00AB
__ptext15                        text15       02E8
__ptext2                         text2        0EC6
__ptext3                         text3        0007
__ptext4                         text4        0048
__ptext5                         text5        0EBF
__ptext6                         text6        018A
__ptext7                         text7        0F22
__ptext8                         text8        0012
__ptext9                         text9        0230
__stringbase                     strings      080F
__stringtab                      strings      0800
_clcd_print                      text7        0F22
_clcd_write                      text8        0012
_display                         text6        018A
_init_adc                        text5        0EBF
_init_clcd                       text3        0007
_init_config                     text2        0EC6
_init_display_controller         text4        0048
_main                            maintext     0F51
_main$705                        cstackBANK0  0053
_nDONE                           (abs)        00FA
_read_adc                        text1        0EDC
btemp                            (abs)        007E
clcd_print@addr                  cstackCOMMON 0076
clcd_print@str                   cstackCOMMON 0074
clcd_write@byte                  cstackCOMMON 0073
clcd_write@mode                  cstackCOMMON 0070
display@adc_value                cstackBANK0  0044
display@buff                     cstackBANK0  0048
display@cel                      cstackBANK0  004F
display@i                        cstackBANK0  004D
display@mvolt                    cstackBANK0  0046
end_of_initialization            cinit        07FC
intlevel0                        functab      0000
intlevel1                        functab      0000
intlevel2                        functab      0000
intlevel3                        functab      0000
intlevel4                        functab      0000
intlevel5                        functab      0000
main@adc_reg_val                 cstackBANK0  0051
read_adc@adc_reg_val             cstackCOMMON 0073
read_adc@channel                 cstackCOMMON 0075
reset_vec                        reset_vec    0000
start                            init         0000
start_initialization             cinit        07FC
wtemp0                           (abs)        007E


MODULE INFORMATION

Module		Function		Class		Link	Load	Size
C:\Program Files\Microchip\xc8\v2.41\pic\sources\c90\common\sprcmul.c
		___flmul       		CODE           	04B7	0000	837

C:\Program Files\Microchip\xc8\v2.41\pic\sources\c90\common\sprcmul.c estimated size: 837

C:\Program Files\Microchip\xc8\v2.41\pic\sources\c90\common\sprcdiv.c
		___fldiv       		CODE           	02E8	0000	463

C:\Program Files\Microchip\xc8\v2.41\pic\sources\c90\common\sprcdiv.c estimated size: 463

C:\Program Files\Microchip\xc8\v2.41\pic\sources\c90\common\awdiv.c
		___awdiv       		CODE           	00AB	0000	103

C:\Program Files\Microchip\xc8\v2.41\pic\sources\c90\common\awdiv.c estimated size: 103

C:\Program Files\Microchip\xc8\v2.41\pic\sources\c90\common\fltol.c
		___fltol       		CODE           	0112	0000	120

C:\Program Files\Microchip\xc8\v2.41\pic\sources\c90\common\fltol.c estimated size: 120

adc.c
		_init_adc      		CODE           	0EBF	0000	7
		_read_adc      		CODE           	0EDC	0000	31

adc.c estimated size: 38

C:\Program Files\Microchip\xc8\v2.41\pic\sources\c90\common\xxtofl.c
		___xxtofl      		CODE           	0230	0000	184

C:\Program Files\Microchip\xc8\v2.41\pic\sources\c90\common\xxtofl.c estimated size: 184

shared
		__stringtab    		STRING         	0800	0000	16
		__initialization		CODE           	07FC	0000	1

shared estimated size: 17

clcd.c
		_clcd_write    		CODE           	0012	0000	54
		_clcd_print    		CODE           	0F22	0000	47
		_init_display_controller		CODE           	0048	0000	99
		_init_clcd     		CODE           	0007	0000	11

clcd.c estimated size: 211

C:\Program Files\Microchip\xc8\v2.41\pic\sources\c90\common\Umul8_16.c
		__Umul8_16     		CODE           	0EFB	0000	39

C:\Program Files\Microchip\xc8\v2.41\pic\sources\c90\common\Umul8_16.c estimated size: 39

C:\Program Files\Microchip\xc8\v2.41\pic\sources\c90\common\awmod.c
		___awmod       		CODE           	0FA7	0000	89

C:\Program Files\Microchip\xc8\v2.41\pic\sources\c90\common\awmod.c estimated size: 89

main.c
		_display       		CODE           	018A	0000	166
		_main          		CODE           	0F51	0000	86
		_init_config   		CODE           	0EC6	0000	22

main.c estimated size: 274

