Microchip MPLAB XC8 Compiler V2.41

Linker command line:

-W-3 \
  --edf=C:\Program Files\Microchip\xc8\v2.41\pic\dat\20230208172133_en.msgs \
  -cn -h+dist/default/production\Password_Martix_key.X.production.sym \
  --cmf=dist/default/production\Password_Martix_key.X.production.cmf -z \
  -Q16F877A -oC:\Users\ACER\AppData\Local\Temp\xcBsduo.1\driver_tmp_3.o \
  --defsym=__MPLAB_BUILD=1 --fixupoverflow=error \
  -Mdist/default/production/Password_Martix_key.X.production.map \
  --md=C:\Users\ACER\AppData\Local\Temp\xcBsduo.1\driver_tmp_0.dat -E1 \
  -ver=XC8 Compiler --acfsm=1493 -ACODE=00h-07FFhx4 -ASTRCODE=00h-01FFFh \
  -ASTRING=00h-0FFhx32 -ACONST=00h-0FFhx32 -AENTRY=00h-0FFhx32 \
  -ACOMMON=070h-07Fh -ABANK0=020h-06Fh -ABANK1=0A0h-0EFh \
  -ABANK2=0110h-016Fh -ABANK3=0190h-01EFh \
  -ARAM=020h-06Fh,0A0h-0EFh,0110h-016Fh,0190h-01EFh \
  -AABS1=020h-07Fh,0A0h-0EFh,0110h-016Fh,0190h-01EFh -ASFR0=00h-01Fh \
  -ASFR1=080h-09Fh -ASFR2=0100h-010Fh -ASFR3=0180h-018Fh \
  -ACONFIG=02007h-02007h -DCONFIG=2 -AIDLOC=02000h-02003h -DIDLOC=2 \
  -AEEDATA=00h-0FFh/02100h -peeprom_data=EEDATA -DEEDATA=2 -DCODE=2 \
  -DSTRCODE=2 -DSTRING=2 -DCONST=2 -DENTRY=2 \
  -preset_vec=00h,intentry,init,end_init -ppowerup=CODE -pcinit=CODE \
  -pfunctab=ENTRY -k \
  C:\Users\ACER\AppData\Local\Temp\xcBsduo.1\driver_tmp_12.o \
  dist/default/production\Password_Martix_key.X.production.o 

Object code version is 3.11

Machine type is 16F877A



                Name                               Link     Load   Length Selector   Space Scale
C:\Users\ACER\AppData\Local\Temp\xcBsduo.1\driver_tmp_12.o
                end_init                              0        0        3        0       0
                config                             2007     2007        1        0       4
dist/default/production\Password_Martix_key.X.production.o
                cinit                               7EF      7EF       11      FDE       0
                config                             2007     2007        1        0       4
                text10                              661      661       36      CC2       0
                text9                               5C8      5C8       11      B90       0
                text8                               637      637       2A      C6E       0
                text7                               60F      60F       28      C1E       0
                text6                               6E0      6E0       63      DC0       0
                text5                               5AD      5AD        B      B5A       0
                text4                               5B8      5B8       10      B70       0
                text3                               5D9      5D9       13      BB2       0
                text2                               743      743       AC      E86       0
                text1                               5EC      5EC       23      BD8       0
                maintext                            697      697       49      D2E       0
                cstackBANK0                          20       20        9       20       1
                cstackCOMMON                         70       70        9       70       1
                bssBANK0                             29       29        7       20       1
                dataCOMMON                           79       79        1       70       1
                strings                               3        3       17        6       0
                idataCOMMON                         5AC      5AC        1      B58       0

TOTAL           Name                               Link     Load   Length     Space
        CLASS   CODE           
                end_init                              0        0        3         0
                cinit                               7EF      7EF       11         0
                text10                              661      661       36         0
                text9                               5C8      5C8       11         0
                text8                               637      637       2A         0
                text7                               60F      60F       28         0
                text6                               6E0      6E0       63         0
                text5                               5AD      5AD        B         0
                text4                               5B8      5B8       10         0
                text3                               5D9      5D9       13         0
                text2                               743      743       AC         0
                text1                               5EC      5EC       23         0
                maintext                            697      697       49         0
                idataCOMMON                         5AC      5AC        1         0

        CLASS   STRCODE        

        CLASS   STRING         
                strings                               3        3       17         0

        CLASS   CONST          

        CLASS   ENTRY          

        CLASS   COMMON         
                cstackCOMMON                         70       70        9         1
                dataCOMMON                           79       79        1         1

        CLASS   BANK0          
                cstackBANK0                          20       20        9         1
                bssBANK0                             29       29        7         1

        CLASS   BANK1          

        CLASS   BANK2          

        CLASS   BANK3          

        CLASS   RAM            

        CLASS   ABS1           
                abs_s1                               7E       7E        2         1

        CLASS   SFR0           

        CLASS   SFR1           

        CLASS   SFR2           

        CLASS   SFR3           

        CLASS   CONFIG         
                config                             2007     2007        1         4

        CLASS   IDLOC          

        CLASS   EEDATA         

        CLASS   STACK          



SEGMENTS        Name                           Load    Length   Top    Selector   Space  Class     Delta

                reset_vec                      000000  000003  000003         0       0  CODE        2
                strings                        000003  000017  00001A         6       0  STRING      2
                cstackBANK0                    000020  000010  000030        20       1  BANK0       1
                cstackCOMMON                   000070  00000A  00007A        70       1  COMMON      1
                idataCOMMON                    0005AC  000001  0005AD       B58       0  CODE        2
                text5                          0005AD  00000B  0005B8       B5A       0  CODE        2
                text4                          0005B8  000010  0005C8       B70       0  CODE        2
                text9                          0005C8  000011  0005D9       B90       0  CODE        2
                text3                          0005D9  000013  0005EC       BB2       0  CODE        2
                text1                          0005EC  000023  00060F       BD8       0  CODE        2
                text7                          00060F  000028  000637       C1E       0  CODE        2
                text8                          000637  00002A  000661       C6E       0  CODE        2
                text10                         000661  000036  000697       CC2       0  CODE        2
                maintext                       000697  000049  0006E0       D2E       0  CODE        2
                text6                          0006E0  000063  000743       DC0       0  CODE        2
                text2                          000743  0000AC  0007EF       E86       0  CODE        2
                cinit                          0007EF  000011  000800       FDE       0  CODE        2


UNUSED ADDRESS RANGES

        Name                Unused          Largest block    Delta
        BANK0            0030-006F             40           1
        BANK1            00A0-00EF             50           1
        BANK2            0110-016F             60           1
        BANK3            0190-01EF             60           1
        CODE             001A-05AB            592           2
                         0800-1FFF            800
        COMMON           007A-007D              4           1
        CONST            001A-05AB            100           2
                         0800-1FFF            100
        EEDATA           2100-21FF            100           2
        ENTRY            001A-05AB            100           2
                         0800-1FFF            100
        IDLOC            2000-2003              4           2
        RAM              0030-006F             40           1
                         00A0-00EF             50
                         0110-016F             60
                         0190-01EF             60
        SFR0             0000-001F             20           1
        SFR1             0080-009F             20           1
        SFR2             0100-010F             10           1
        SFR3             0180-018F             10           1
        STRCODE          001A-05AB            592           2
                         0800-1FFF           1800
        STRING           001A-05AB            100           2
                         0800-1FFF            100

                                  Symbol Table

_PORTD                           (abs)        0008
_RB0                             (abs)        0030
_RB1                             (abs)        0031
_RB2                             (abs)        0032
_RD0                             (abs)        0040
_RD1                             (abs)        0041
_RD2                             (abs)        0042
_RD3                             (abs)        0043
_RE1                             (abs)        0049
_RE2                             (abs)        004A
_TRISB                           (abs)        0086
_TRISD                           (abs)        0088
_TRISE1                          (abs)        0449
_TRISE2                          (abs)        044A
__H__absolute__                  __absolute__ 0000
__Habs1                          abs1         0000
__Hbank0                         bank0        0000
__Hbank1                         bank1        0000
__Hbank2                         bank2        0000
__Hbank3                         bank3        0000
__HbssBANK0                      bssBANK0     0000
__Hcinit                         cinit        0800
__Hclrtext                       clrtext      0000
__Hcode                          code         0000
__Hcommon                        common       0000
__Hconfig                        config       2008
__HcstackBANK0                   cstackBANK0  0000
__HcstackCOMMON                  cstackCOMMON 0000
__HdataCOMMON                    dataCOMMON   0000
__Heeprom_data                   eeprom_data  0000
__Hend_init                      end_init     0003
__Hfunctab                       functab      0000
__HidataCOMMON                   idataCOMMON  0000
__Hinit                          init         0000
__Hintentry                      intentry     0000
__Hmaintext                      maintext     0000
__Hpowerup                       powerup      0000
__Hram                           ram          0000
__Hreset_vec                     reset_vec    0000
__Hsfr0                          sfr0         0000
__Hsfr1                          sfr1         0000
__Hsfr2                          sfr2         0000
__Hsfr3                          sfr3         0000
__Hspace_0                       (abs)        0800
__Hspace_1                       (abs)        007A
__Hspace_2                       (abs)        0000
__Hspace_3                       (abs)        0000
__Hspace_4                       (abs)        400F
__Hstack                         stack        0000
__Hstrings                       strings      0000
__Htext                          text         0000
__L__absolute__                  __absolute__ 0000
__Labs1                          abs1         0000
__Lbank0                         bank0        0000
__Lbank1                         bank1        0000
__Lbank2                         bank2        0000
__Lbank3                         bank3        0000
__LbssBANK0                      bssBANK0     0000
__Lcinit                         cinit        07EF
__Lclrtext                       clrtext      0000
__Lcode                          code         0000
__Lcommon                        common       0000
__Lconfig                        config       0000
__LcstackBANK0                   cstackBANK0  0000
__LcstackCOMMON                  cstackCOMMON 0000
__LdataCOMMON                    dataCOMMON   0000
__Leeprom_data                   eeprom_data  0000
__Lend_init                      end_init     0000
__Lfunctab                       functab      0000
__LidataCOMMON                   idataCOMMON  0000
__Linit                          init         0000
__Lintentry                      intentry     0000
__Lmaintext                      maintext     0000
__Lpowerup                       powerup      0000
__Lram                           ram          0000
__Lreset_vec                     reset_vec    0000
__Lsfr0                          sfr0         0000
__Lsfr1                          sfr1         0000
__Lsfr2                          sfr2         0000
__Lsfr3                          sfr3         0000
__Lspace_0                       (abs)        0000
__Lspace_1                       (abs)        0000
__Lspace_2                       (abs)        0000
__Lspace_3                       (abs)        0000
__Lspace_4                       (abs)        0000
__Lstack                         stack        0000
__Lstrings                       strings      0000
__Ltext                          text         0000
__S0                             (abs)        0800
__S1                             (abs)        007A
__S3                             (abs)        0000
___int_sp                        stack        0000
___latbits                       (abs)        0002
___sp                            stack        0000
___stackhi                       (abs)        0000
___stacklo                       (abs)        0000
__end_of__initialization         cinit        07FC
__end_of__stringtab              strings      0009
__end_of_clcd_print              text7        0637
__end_of_clcd_putch              text9        05D9
__end_of_clcd_write              text10       0697
__end_of_display                 text8        0661
__end_of_init_clcd               text5        05B8
__end_of_init_config             text3        05EC
__end_of_init_display_controller text6        0743
__end_of_init_matrix_keypad      text4        05C8
__end_of_main                    maintext     06E0
__end_of_read_matrix_keypad      text1        060F
__end_of_scan_keypad             text2        07EF
__initialization                 cinit        07EF
__pbssBANK0                      bssBANK0     0029
__pcstackBANK0                   cstackBANK0  0020
__pcstackCOMMON                  cstackCOMMON 0070
__pdataCOMMON                    dataCOMMON   0079
__pidataCOMMON                   idataCOMMON  05AC
__pmaintext                      maintext     0697
__pstrings                       strings      0003
__ptext1                         text1        05EC
__ptext10                        text10       0661
__ptext2                         text2        0743
__ptext3                         text3        05D9
__ptext4                         text4        05B8
__ptext5                         text5        05AD
__ptext6                         text6        06E0
__ptext7                         text7        060F
__ptext8                         text8        0637
__ptext9                         text9        05C8
__stringbase                     strings      0008
__stringtab                      strings      0003
_clcd_print                      text7        060F
_clcd_putch                      text9        05C8
_clcd_write                      text10       0661
_display                         text8        0637
_init_clcd                       text5        05AD
_init_config                     text3        05D9
_init_display_controller         text6        06E0
_init_matrix_keypad              text4        05B8
_main                            maintext     0697
_nRBPU                           (abs)        040F
_read_matrix_keypad              text1        05EC
_scan_keypad                     text2        0743
btemp                            (abs)        007E
clcd_print@addr                  cstackCOMMON 0074
clcd_print@str                   cstackCOMMON 0075
clcd_putch@addr                  cstackCOMMON 0074
clcd_putch@data                  cstackCOMMON 0075
clcd_write@byte                  cstackCOMMON 0073
clcd_write@mode                  cstackCOMMON 0070
display@key                      cstackCOMMON 0078
end_of_initialization            cinit        07FC
intlevel0                        functab      0000
intlevel1                        functab      0000
intlevel2                        functab      0000
intlevel3                        functab      0000
intlevel4                        functab      0000
intlevel5                        functab      0000
main@i                           cstackBANK0  0028
main@key                         bssBANK0     002F
main@msg                         cstackBANK0  0020
main@pass_len                    cstackBANK0  0026
read_matrix_keypad@key           cstackCOMMON 0073
read_matrix_keypad@mode          cstackCOMMON 0072
read_matrix_keypad@once          dataCOMMON   0079
reset_vec                        reset_vec    0000
scan_keypad@i                    cstackCOMMON 0070
start                            init         0000
start_initialization             cinit        07EF
wtemp0                           (abs)        007E


MODULE INFORMATION

Module		Function		Class		Link	Load	Size
matrix_keypad.c
		_init_matrix_keypad		CODE           	05B8	0000	16
		_read_matrix_keypad		CODE           	05EC	0000	35
		_scan_keypad   		CODE           	0743	0000	172

matrix_keypad.c estimated size: 223

shared
		__stringtab    		STRING         	0003	0000	6
		__initialization		CODE           	07EF	0000	13

shared estimated size: 19

clcd.c
		_clcd_write    		CODE           	0661	0000	54
		_clcd_print    		CODE           	060F	0000	40
		_clcd_putch    		CODE           	05C8	0000	17
		_init_display_controller		CODE           	06E0	0000	99
		_init_clcd     		CODE           	05AD	0000	11

clcd.c estimated size: 221

main.c
		_display       		CODE           	0637	0000	42
		_main          		CODE           	0697	0000	73
		_init_config   		CODE           	05D9	0000	19

main.c estimated size: 134

