Microchip MPLAB XC8 Compiler V3.10

Linker command line:

-W-3 \
  --edf=C:\Program Files\Microchip\xc8\v3.10\pic\dat\20250813170317_en.msgs \
  -cn -h+dist/default/production\LCD_Demo.X.production.sym \
  --cmf=dist/default/production\LCD_Demo.X.production.cmf -z -Q16F877A \
  -oC:\Users\davit\AppData\Local\Temp\xcAsbhw.0\driver_tmp_3.o \
  --defsym=__MPLAB_BUILD=1 --fixupoverflow=error \
  -Mdist/default/production/LCD_Demo.X.production.map \
  --md=C:\Users\davit\AppData\Local\Temp\xcAsbhw.0\driver_tmp_0.dat -E1 \
  -ver=XC8 Compiler -ACODE=00h-07FFhx4 -ASTRCODE=00h-01FFFh \
  -ASTRING=00h-0FFhx32 -ACONST=00h-0FFhx32 -AENTRY=00h-0FFhx32 \
  -ACOMMON=070h-07Fh -ABANK0=020h-06Fh -ABANK1=0A0h-0EFh \
  -ABANK2=0110h-016Fh -ABANK3=0190h-01EFh \
  -ARAM=020h-06Fh,0A0h-0EFh,0110h-016Fh,0190h-01EFh \
  -AABS1=020h-07Fh,0A0h-0EFh,0110h-016Fh,0190h-01EFh -ASFR0=00h-01Fh \
  -ASFR1=080h-09Fh -ASFR2=0100h-010Fh -ASFR3=0180h-018Fh \
  -ACONFIG=02007h-02007h -DCONFIG=2 -AIDLOC=02000h-02003h -DIDLOC=2 \
  -AEEDATA=00h-0FFh/02100h -peeprom_data=EEDATA -DEEDATA=2 -DCODE=2 \
  -DSTRCODE=2 -DSTRING=2 -DCONST=2 -DENTRY=2 \
  -preset_vec=00h,intentry,sivt,init,end_init -ppowerup=CODE -pcinit=CODE \
  -pfunctab=ENTRY -k \
  C:\Users\davit\AppData\Local\Temp\xcAsbhw.0\driver_tmp_12.o \
  dist/default/production\LCD_Demo.X.production.o 

Object code version is 3.11

Machine type is 16F877A



                Name                               Link     Load   Length Selector   Space Scale
C:\Users\davit\AppData\Local\Temp\xcAsbhw.0\driver_tmp_12.o
                end_init                              0        0        3        0       0
                config                             2007     2007        1        0       4
dist/default/production\LCD_Demo.X.production.o
                cinit                               7FC      7FC        4      FF8       0
                config                             2007     2007        1        0       4
                text6                               6C3      6C3       20      D86       0
                text5                               6E3      6E3       25      DC6       0
                text4                               798      798       64      F30       0
                text3                               6B8      6B8        B      D70       0
                text2                               708      708       2C      E10       0
                text1                               734      734       2C      E68       0
                maintext                            760      760       38      EC0       0
                cstackCOMMON                         70       70        D       70       1
                strings                               3        3       28        6       0

TOTAL           Name                               Link     Load   Length     Space
        CLASS   CODE           
                end_init                              0        0        3         0
                cinit                               7FC      7FC        4         0
                text6                               6C3      6C3       20         0
                text5                               6E3      6E3       25         0
                text4                               798      798       64         0
                text3                               6B8      6B8        B         0
                text2                               708      708       2C         0
                text1                               734      734       2C         0
                maintext                            760      760       38         0

        CLASS   STRCODE        

        CLASS   STRING         
                strings                               3        3       28         0

        CLASS   CONST          

        CLASS   ENTRY          

        CLASS   COMMON         
                cstackCOMMON                         70       70        D         1

        CLASS   BANK0          

        CLASS   BANK1          

        CLASS   BANK2          

        CLASS   BANK3          

        CLASS   RAM            

        CLASS   ABS1           
                abs_s1                               7E       7E        2         1

        CLASS   SFR0           

        CLASS   SFR1           

        CLASS   SFR2           

        CLASS   SFR3           

        CLASS   CONFIG         
                config                             2007     2007        1         4

        CLASS   IDLOC          

        CLASS   EEDATA         

        CLASS   HEAP           

        CLASS   STACK          



SEGMENTS        Name                           Load    Length   Top    Selector   Space  Class     Delta

                reset_vec                      000000  000003  000003         0       0  CODE        2
                strings                        000003  000028  00002B         6       0  STRING      2
                cstackCOMMON                   000070  00000D  00007D        70       1  COMMON      1
                text3                          0006B8  00000B  0006C3       D70       0  CODE        2
                text6                          0006C3  000020  0006E3       D86       0  CODE        2
                text5                          0006E3  000025  000708       DC6       0  CODE        2
                text2                          000708  00002C  000734       E10       0  CODE        2
                text1                          000734  00002C  000760       E68       0  CODE        2
                maintext                       000760  000038  000798       EC0       0  CODE        2
                text4                          000798  000064  0007FC       F30       0  CODE        2
                cinit                          0007FC  000004  000800       FF8       0  CODE        2


UNUSED ADDRESS RANGES

        Name                Unused          Largest block    Delta
        BANK0            0020-006F             50           1
        BANK1            00A0-00EF             50           1
        BANK2            0110-016F             60           1
        BANK3            0190-01EF             60           1
        CODE             002B-06B7            68D           2
                         0800-1FFF            800
        COMMON           007D-007D              1           1
        CONST            002B-06B7            100           2
                         0800-1FFF            100
        EEDATA           2100-21FF            100           2
        ENTRY            002B-06B7            100           2
                         0800-1FFF            100
        IDLOC            2000-2003              4           2
        RAM              0020-006F             50           1
                         00A0-00EF             50
                         0110-016F             60
                         0190-01EF             60
        SFR0             0000-001F             20           1
        SFR1             0080-009F             20           1
        SFR2             0100-010F             10           1
        SFR3             0180-018F             10           1
        STRCODE          002B-06B7            68D           2
                         0800-1FFF           1800
        STRING           002B-06B7            100           2
                         0800-1FFF            100

                                  Symbol Table

_PORTB                    (abs)        0006
_RC0                      (abs)        0038
_RC1                      (abs)        0039
_TRISB                    (abs)        0086
_TRISC0                   (abs)        0438
_TRISC1                   (abs)        0439
__H__absolute__           __absolute__ 0000
__Habs1                   abs1         0000
__Hbank0                  bank0        0000
__Hbank1                  bank1        0000
__Hbank2                  bank2        0000
__Hbank3                  bank3        0000
__Hcinit                  cinit        0800
__Hclrtext                clrtext      0000
__Hcode                   code         0000
__Hcommon                 common       0000
__Hconfig                 config       2008
__HcstackCOMMON           cstackCOMMON 0000
__Heeprom_data            eeprom_data  0000
__Hend_init               end_init     0003
__Hfunctab                functab      0000
__Hheap                   heap         0000
__Hinit                   init         0000
__Hintentry               intentry     0000
__Hmaintext               maintext     0000
__Hpowerup                powerup      0000
__Hram                    ram          0000
__Hreset_vec              reset_vec    0000
__Hsfr0                   sfr0         0000
__Hsfr1                   sfr1         0000
__Hsfr2                   sfr2         0000
__Hsfr3                   sfr3         0000
__Hsivt                   sivt         0000
__Hspace_0                (abs)        0800
__Hspace_1                (abs)        007D
__Hspace_2                (abs)        0000
__Hspace_3                (abs)        0000
__Hspace_4                (abs)        400F
__Hstack                  stack        0000
__Hstrings                strings      0000
__Htext                   text         0000
__L__absolute__           __absolute__ 0000
__Labs1                   abs1         0000
__Lbank0                  bank0        0000
__Lbank1                  bank1        0000
__Lbank2                  bank2        0000
__Lbank3                  bank3        0000
__Lcinit                  cinit        07FC
__Lclrtext                clrtext      0000
__Lcode                   code         0000
__Lcommon                 common       0000
__Lconfig                 config       0000
__LcstackCOMMON           cstackCOMMON 0000
__Leeprom_data            eeprom_data  0000
__Lend_init               end_init     0000
__Lfunctab                functab      0000
__Lheap                   heap         0000
__Linit                   init         0000
__Lintentry               intentry     0000
__Lmaintext               maintext     0000
__Lpowerup                powerup      0000
__Lram                    ram          0000
__Lreset_vec              reset_vec    0000
__Lsfr0                   sfr0         0000
__Lsfr1                   sfr1         0000
__Lsfr2                   sfr2         0000
__Lsfr3                   sfr3         0000
__Lsivt                   sivt         0000
__Lspace_0                (abs)        0000
__Lspace_1                (abs)        0000
__Lspace_2                (abs)        0000
__Lspace_3                (abs)        0000
__Lspace_4                (abs)        0000
__Lstack                  stack        0000
__Lstrings                strings      0000
__Ltext                   text         0000
__S0                      (abs)        0800
__S1                      (abs)        007D
__S3                      (abs)        0000
___heap_hi                (abs)        0000
___heap_lo                (abs)        0000
___int_sp                 stack        0000
___int_stack_hi           stack        0000
___int_stack_lo           stack        0000
___latbits                (abs)        0002
___sp                     stack        0000
___stack_hi               stack        0000
___stack_lo               stack        0000
___stackhi                (abs)        0000
___stacklo                (abs)        0000
__end_of__initialization  cinit        07FC
__end_of__stringtab       strings      0009
__end_of_clcd_print       text5        0708
__end_of_clcd_write       text6        06E3
__end_of_init_display     text4        07FC
__end_of_lcd_init         text3        06C3
__end_of_lcd_left_scroll  text2        0734
__end_of_lcd_right_scroll text1        0760
__end_of_main             maintext     0798
__end_ofmain@str          strings      002B
__initialization          cinit        07FC
__pcstackCOMMON           cstackCOMMON 0070
__pmaintext               maintext     0760
__pstrings                strings      0003
__ptext1                  text1        0734
__ptext2                  text2        0708
__ptext3                  text3        06B8
__ptext4                  text4        0798
__ptext5                  text5        06E3
__ptext6                  text6        06C3
__stringbase              strings      0008
__stringtab               strings      0003
_clcd_print               text5        06E3
_clcd_write               text6        06C3
_init_display             text4        0798
_lcd_init                 text3        06B8
_lcd_left_scroll          text2        0708
_lcd_right_scroll         text1        0734
_main                     maintext     0760
btemp                     (abs)        007E
btemp0                    (abs)        007E
btemp1                    (abs)        007F
clcd_print@addr           cstackCOMMON 0075
clcd_print@str            cstackCOMMON 0074
clcd_write@byte           cstackCOMMON 0073
clcd_write@mode           cstackCOMMON 0070
end_of_initialization     cinit        07FC
intlevel0                 functab      0000
intlevel1                 functab      0000
intlevel2                 functab      0000
intlevel3                 functab      0000
intlevel4                 functab      0000
intlevel5                 functab      0000
lcd_left_scroll@i         cstackCOMMON 0078
lcd_left_scroll@times     cstackCOMMON 0077
lcd_right_scroll@i        cstackCOMMON 0078
lcd_right_scroll@times    cstackCOMMON 0077
ltemp0a                   (abs)        0080
main@str                  strings      0009
reset_vec                 reset_vec    0000
start                     init         0000
start_initialization      cinit        07FC
ttemp0a                   (abs)        007F
wtemp0                    (abs)        007E
wtemp0a                   (abs)        007F


MODULE INFORMATION

Module		Function		Class		Link	Load	Size
shared
		__stringtab    		STRING         	0003	0000	6
		__initialization		CODE           	07FC	0000	1
		main@str       		STRING         	0009	0000	34

shared estimated size: 41

lcd.c
		_clcd_write    		CODE           	06C3	0000	32
		_init_display  		CODE           	0798	0000	100
		_lcd_right_scroll		CODE           	0734	0000	44
		_clcd_print    		CODE           	06E3	0000	37
		_lcd_left_scroll		CODE           	0708	0000	44
		_lcd_init      		CODE           	06B8	0000	11

lcd.c estimated size: 268

main.c
		_main          		CODE           	0760	0000	56

main.c estimated size: 56

